
R version 4.1.2 (2021-11-01) -- "Bird Hippie"
Copyright (C) 2021 The R Foundation for Statistical Computing
Platform: x86_64-apple-darwin17.0 (64-bit)

R is free software and comes with ABSOLUTELY NO WARRANTY.
You are welcome to redistribute it under certain conditions.
Type 'license()' or 'licence()' for distribution details.

  Natural language support but running in an English locale

R is a collaborative project with many contributors.
Type 'contributors()' for more information and
'citation()' on how to cite R or R packages in publications.

Type 'demo()' for some demos, 'help()' for on-line help, or
'help.start()' for an HTML browser interface to help.
Type 'q()' to quit R.

[R.app GUI 1.77 (8007) x86_64-apple-darwin17.0]

[Workspace restored from /Users/mohamednabassoua/.RData]
[History restored from /Users/mohamednabassoua/.Rapp.history]

> setwd("/Users/mohamednabassoua/Documents/Analytics/Analytics")
> crime = read.csv("mvtWeek1.csv",stringsAsFactors=TRUE)
> str(USDA)
Error in str(USDA) : object 'USDA' not found
> str(crime)
'data.frame':	191641 obs. of  11 variables:
 $ ID                 : int  8951354 8951141 8952745 8952223 8951608 8950793 8950760 8951611 8951802 8950706 ...
 $ Date               : Factor w/ 131680 levels "1/1/01 0:01",..: 42824 42823 42823 42823 42822 42821 42820 42819 42817 42816 ...
 $ LocationDescription: Factor w/ 78 levels "ABANDONED BUILDING",..: 72 72 62 72 72 72 72 72 72 72 ...
 $ Arrest             : logi  FALSE FALSE FALSE FALSE FALSE TRUE ...
 $ Domestic           : logi  FALSE FALSE FALSE FALSE FALSE FALSE ...
 $ Beat               : int  623 1213 1622 724 211 2521 423 231 1021 1215 ...
 $ District           : int  6 12 16 7 2 25 4 2 10 12 ...
 $ CommunityArea      : int  69 24 11 67 35 19 48 40 29 24 ...
 $ Year               : int  2012 2012 2012 2012 2012 2012 2012 2012 2012 2012 ...
 $ Latitude           : num  41.8 41.9 42 41.8 41.8 ...
 $ Longitude          : num  -87.6 -87.7 -87.8 -87.7 -87.6 ...
> which.max(crime$ID)
[1] 18134
> max(crime$ID)
[1] 9181151
> min(crime$Beat)
[1] 111
> summary(crime)
       ID                      Date                            LocationDescription   Arrest         Domestic      
 Min.   :1310022   5/16/08 0:00  :    11   STREET                        :156564   Mode :logical   Mode :logical  
 1st Qu.:2832144   10/17/01 22:00:    10   PARKING LOT/GARAGE(NON.RESID.): 14852   FALSE:176105    FALSE:191226   
 Median :4762956   4/13/04 21:00 :    10   OTHER                         :  4573   TRUE :15536     TRUE :415      
 Mean   :4968629   9/17/05 22:00 :    10   ALLEY                         :  2308                                  
 3rd Qu.:7201878   10/12/01 22:00:     9   GAS STATION                   :  2111                                  
 Max.   :9181151   10/13/01 22:00:     9   DRIVEWAY - RESIDENTIAL        :  1675                                  
                   (Other)       :191582   (Other)                       :  9558                                  
      Beat         District     CommunityArea        Year         Latitude       Longitude     
 Min.   : 111   Min.   : 1.00   Min.   : 0      Min.   :2001   Min.   :41.64   Min.   :-87.93  
 1st Qu.: 722   1st Qu.: 6.00   1st Qu.:22      1st Qu.:2003   1st Qu.:41.77   1st Qu.:-87.72  
 Median :1121   Median :10.00   Median :32      Median :2006   Median :41.85   Median :-87.68  
 Mean   :1259   Mean   :11.82   Mean   :38      Mean   :2006   Mean   :41.84   Mean   :-87.68  
 3rd Qu.:1733   3rd Qu.:17.00   3rd Qu.:60      3rd Qu.:2009   3rd Qu.:41.92   3rd Qu.:-87.64  
 Max.   :2535   Max.   :31.00   Max.   :77      Max.   :2012   Max.   :42.02   Max.   :-87.52  
                NA's   :43056   NA's   :24616                  NA's   :2276    NA's   :2276    
> str(crime$Arrest=FALSE)
Error: unexpected '=' in "str(crime$Arrest="
> str(crime$Arrest==FALSE)
 logi [1:191641] TRUE TRUE TRUE TRUE TRUE FALSE ...
> summary(crime$Arrest)
   Mode   FALSE    TRUE 
logical  176105   15536 
> summary(crime$ALLEY)
Length  Class   Mode 
     0   NULL   NULL 
> summary(crime$LocationDescription)
                             ABANDONED BUILDING AIRPORT BUILDING NON-TERMINAL - NON-SECURE AREA 
                                              4                                               4 
    AIRPORT BUILDING NON-TERMINAL - SECURE AREA              AIRPORT EXTERIOR - NON-SECURE AREA 
                                              1                                              24 
                 AIRPORT EXTERIOR - SECURE AREA                             AIRPORT PARKING LOT 
                                              1                                              11 
 AIRPORT TERMINAL UPPER LEVEL - NON-SECURE AREA                   AIRPORT VENDING ESTABLISHMENT 
                                              5                                              10 
                               AIRPORT/AIRCRAFT                                           ALLEY 
                                            363                                            2308 
                                ANIMAL HOSPITAL                                       APARTMENT 
                                              1                                             184 
                                APPLIANCE STORE                                   ATHLETIC CLUB 
                                              1                                               9 
                                           BANK                                   BAR OR TAVERN 
                                              7                                              17 
                                     BARBERSHOP                                   BOWLING ALLEY 
                                              4                                               3 
                                         BRIDGE                                        CAR WASH 
                                              2                                              44 
                                  CHA APARTMENT                         CHA PARKING LOT/GROUNDS 
                                              5                                             405 
              CHURCH/SYNAGOGUE/PLACE OF WORSHIP                                  CLEANING STORE 
                                             56                                               3 
                     COLLEGE/UNIVERSITY GROUNDS               COLLEGE/UNIVERSITY RESIDENCE HALL 
                                             47                                               2 
                   COMMERCIAL / BUSINESS OFFICE                               CONSTRUCTION SITE 
                                            126                                              35 
                              CONVENIENCE STORE                     CTA GARAGE / OTHER PROPERTY 
                                              7                                             148 
                                      CTA TRAIN                               CURRENCY EXCHANGE 
                                              1                                               2 
                                DAY CARE CENTER                                DEPARTMENT STORE 
                                              5                                              22 
                         DRIVEWAY - RESIDENTIAL                                      DRUG STORE 
                                           1675                                               8 
                 FACTORY/MANUFACTURING BUILDING                                    FIRE STATION 
                                             16                                               5 
                                FOREST PRESERVE                                     GAS STATION 
                                              6                                            2111 
                   GOVERNMENT BUILDING/PROPERTY                              GROCERY FOOD STORE 
                                             48                                              80 
                             HIGHWAY/EXPRESSWAY                       HOSPITAL BUILDING/GROUNDS 
                                             22                                             101 
                                    HOTEL/MOTEL                         JAIL / LOCK-UP FACILITY 
                                            124                                               1 
                 LAKEFRONT/WATERFRONT/RIVERBANK                                         LIBRARY 
                                              4                                               4 
                          MEDICAL/DENTAL OFFICE                             MOVIE HOUSE/THEATER 
                                              3                                              18 
                                      NEWSSTAND                    NURSING HOME/RETIREMENT HOME 
                                              1                                              21 
                                          OTHER                 OTHER COMMERCIAL TRANSPORTATION 
                                           4573                                               8 
              OTHER RAILROAD PROP / TRAIN DEPOT                                   PARK PROPERTY 
                                             28                                             255 
                 PARKING LOT/GARAGE(NON.RESID.)                 POLICE FACILITY/VEH PARKING LOT 
                                          14852                                             266 
                                      RESIDENCE                         RESIDENCE PORCH/HALLWAY 
                                           1302                                              18 
                               RESIDENCE-GARAGE                   RESIDENTIAL YARD (FRONT/BACK) 
                                           1176                                            1536 
                                     RESTAURANT                                SAVINGS AND LOAN 
                                             49                                               4 
                      SCHOOL, PRIVATE, BUILDING                        SCHOOL, PRIVATE, GROUNDS 
                                             14                                              23 
                       SCHOOL, PUBLIC, BUILDING                         SCHOOL, PUBLIC, GROUNDS 
                                            114                                             206 
                                       SIDEWALK                              SMALL RETAIL STORE 
                                            462                                              33 
                           SPORTS ARENA/STADIUM                                          STREET 
                                            166                                          156564 
                            TAVERN/LIQUOR STORE                                         TAXICAB 
                                             14                                              21 
                                VACANT LOT/LAND                          VEHICLE NON-COMMERCIAL 
                                            985                                             817 
                             VEHICLE-COMMERCIAL                                       WAREHOUSE 
                                             23                                              17 
> crime$Date[1]
[1] 12/31/12 23:15
131680 Levels: 1/1/01 0:01 1/1/01 0:05 1/1/01 0:30 1/1/01 1:17 1/1/01 1:50 1/1/01 10:00 1/1/01 10:12 1/1/01 11:00 ... 9/9/12 9:50
> DateConvert = as.date(striptime(crime$Date, "%m/%d/%y %H:%M"))
Error in as.date(striptime(crime$Date, "%m/%d/%y %H:%M")) : 
  could not find function "as.date"
> DateConvert = as.Date(striptime(crime$Date, "%m/%d/%y %H:%M"))
Error in striptime(crime$Date, "%m/%d/%y %H:%M") : 
  could not find function "striptime"
> DateConvert = as.Date(strptime(crime$Date, "%m/%d/%y %H:%M"))
> summary(crime$DateConvert)
Length  Class   Mode 
     0   NULL   NULL 
> summary(crime$Date)
  5/16/08 0:00 10/17/01 22:00  4/13/04 21:00  9/17/05 22:00 10/12/01 22:00 10/13/01 22:00 10/26/01 22:00 11/17/01 19:00 
            11             10             10             10              9              9              9              9 
11/26/03 21:00  12/2/05 21:00  3/28/02 22:00  4/29/01 22:00   4/5/02 21:00    6/8/12 9:00  7/28/01 23:00   7/5/02 22:00 
             9              9              9              9              9              9              9              9 
 8/10/04 23:00  8/30/02 23:00  9/30/10 22:00   9/9/01 22:00 10/15/01 22:00 10/22/05 19:00 10/31/07 22:00  10/5/01 22:00 
             9              9              9              9              8              8              8              8 
11/26/04 21:00  12/1/04 22:00 12/22/05 12:00 12/29/01 19:00  12/7/05 16:00  2/16/02 21:00  3/24/05 22:00   3/9/01 20:00 
             8              8              8              8              8              8              8              8 
  4/4/11 22:00   4/7/02 22:00   5/22/10 1:00  6/19/12 22:00   6/2/11 23:00  6/27/10 22:00  6/28/01 22:00  7/30/12 22:00 
             8              8              8              8              8              8              8              8 
 7/31/08 22:00  8/10/04 20:00   8/12/06 0:00   8/18/02 1:00  8/25/02 22:00  8/28/06 21:00  9/10/12 22:00  9/17/01 22:00 
             8              8              8              8              8              8              8              8 
 9/18/01 22:00   9/22/05 0:00    9/7/07 0:00   1/1/03 21:00  1/10/07 22:00  1/14/03 12:00  1/19/02 22:00   1/2/04 20:00 
             8              8              8              7              7              7              7              7 
  1/6/01 19:00   1/6/03 18:00   1/6/11 20:00   1/6/11 21:00 10/11/01 22:00 10/12/07 13:00 10/13/01 15:00  10/13/05 0:00 
             7              7              7              7              7              7              7              7 
10/13/06 20:00 10/15/07 22:00 10/21/01 19:00 10/21/02 19:00 10/22/03 22:00 10/22/07 20:00 10/27/10 22:00 10/28/04 22:00 
             7              7              7              7              7              7              7              7 
10/29/02 17:00  10/3/01 18:00  10/3/01 21:00 10/30/04 22:00 11/10/03 22:00 11/13/12 21:00 11/19/02 20:00 11/24/01 17:00 
             7              7              7              7              7              7              7              7 
11/25/03 21:00 11/28/10 22:00   11/3/02 0:00 12/12/03 23:00 12/18/12 20:00  12/22/10 8:00 12/23/05 12:00  12/7/03 22:00 
             7              7              7              7              7              7              7              7 
  2/1/03 22:00  2/17/06 22:00   2/25/02 0:00   3/1/02 21:00  3/19/01 20:00  3/21/07 20:00  3/23/12 21:00  3/28/07 22:00 
             7              7              7              7              7              7              7              7 
   3/6/01 0:00  4/11/10 22:00  4/15/01 20:00        (Other) 
             7              7              7         190872 
> median(crime$Date)
Error in median.default(crime$Date) : need numeric data
> as.numeric(median(crime$Date))
Error in median.default(crime$Date) : need numeric data
> as.numeric(median(crime$Date))
Error in median.default(crime$Date) : need numeric data
> summary(Date)
Error in summary(Date) : object 'Date' not found
> summary(Arrest)
Error in summary(Arrest) : object 'Arrest' not found
> summary(crime$Arrest)
   Mode   FALSE    TRUE 
logical  176105   15536 
> summary(DateConvert)
        Min.      1st Qu.       Median         Mean      3rd Qu.         Max. 
"2001-01-01" "2003-07-10" "2006-05-21" "2006-08-23" "2009-10-24" "2012-12-31" 
> crime$Month = months(DateConvert)
> crime$Weekday = weekdays(DateConvert)
> crime$Date = DateConvert
> str(crime)
'data.frame':	191641 obs. of  13 variables:
 $ ID                 : int  8951354 8951141 8952745 8952223 8951608 8950793 8950760 8951611 8951802 8950706 ...
 $ Date               : Date, format: "2012-12-31" "2012-12-31" "2012-12-31" "2012-12-31" ...
 $ LocationDescription: Factor w/ 78 levels "ABANDONED BUILDING",..: 72 72 62 72 72 72 72 72 72 72 ...
 $ Arrest             : logi  FALSE FALSE FALSE FALSE FALSE TRUE ...
 $ Domestic           : logi  FALSE FALSE FALSE FALSE FALSE FALSE ...
 $ Beat               : int  623 1213 1622 724 211 2521 423 231 1021 1215 ...
 $ District           : int  6 12 16 7 2 25 4 2 10 12 ...
 $ CommunityArea      : int  69 24 11 67 35 19 48 40 29 24 ...
 $ Year               : int  2012 2012 2012 2012 2012 2012 2012 2012 2012 2012 ...
 $ Latitude           : num  41.8 41.9 42 41.8 41.8 ...
 $ Longitude          : num  -87.6 -87.7 -87.8 -87.7 -87.6 ...
 $ Month              : chr  "December" "December" "December" "December" ...
 $ Weekday            : chr  "Monday" "Monday" "Monday" "Monday" ...
> table(crime$Date)

2001-01-01 2001-01-02 2001-01-03 2001-01-04 2001-01-05 2001-01-06 2001-01-07 2001-01-08 2001-01-09 2001-01-10 2001-01-11 
        48         47         57         59         63         57         36         46         49         47         43 
2001-01-12 2001-01-13 2001-01-14 2001-01-15 2001-01-16 2001-01-17 2001-01-18 2001-01-19 2001-01-20 2001-01-21 2001-01-22 
        37         49         44         48         47         48         54         52         50         42         48 
2001-01-23 2001-01-24 2001-01-25 2001-01-26 2001-01-27 2001-01-28 2001-01-29 2001-01-30 2001-01-31 2001-02-01 2001-02-02 
        47         46         49         51         53         54         57         45         44         36         58 
2001-02-03 2001-02-04 2001-02-05 2001-02-06 2001-02-07 2001-02-08 2001-02-09 2001-02-10 2001-02-11 2001-02-12 2001-02-13 
        48         49         47         38         44         45         47         40         40         55         39 
2001-02-14 2001-02-15 2001-02-16 2001-02-17 2001-02-18 2001-02-19 2001-02-20 2001-02-21 2001-02-22 2001-02-23 2001-02-24 
        39         55         48         45         44         32         44         57         38         45         57 
2001-02-25 2001-02-26 2001-02-27 2001-02-28 2001-03-01 2001-03-02 2001-03-03 2001-03-04 2001-03-05 2001-03-06 2001-03-07 
        40         45         44         54         43         44         49         45         46         47         62 
2001-03-08 2001-03-09 2001-03-10 2001-03-11 2001-03-12 2001-03-13 2001-03-14 2001-03-15 2001-03-16 2001-03-17 2001-03-18 
        51         56         50         55         31         42         34         56         52         52         54 
2001-03-19 2001-03-20 2001-03-21 2001-03-22 2001-03-23 2001-03-24 2001-03-25 2001-03-26 2001-03-27 2001-03-28 2001-03-29 
        57         56         58         48         46         61         62         44         39         46         38 
2001-03-30 2001-03-31 2001-04-01 2001-04-02 2001-04-03 2001-04-04 2001-04-05 2001-04-06 2001-04-07 2001-04-08 2001-04-09 
        54         64         53         58         39         45         42         51         41         42         41 
2001-04-10 2001-04-11 2001-04-12 2001-04-13 2001-04-14 2001-04-15 2001-04-16 2001-04-17 2001-04-18 2001-04-19 2001-04-20 
        43         52         52         51         42         46         56         59         62         58         59 
2001-04-21 2001-04-22 2001-04-23 2001-04-24 2001-04-25 2001-04-26 2001-04-27 2001-04-28 2001-04-29 2001-04-30 2001-05-01 
        61         46         56         50         46         41         56         50         59         43         42 
2001-05-02 2001-05-03 2001-05-04 2001-05-05 2001-05-06 2001-05-07 2001-05-08 2001-05-09 2001-05-10 2001-05-11 2001-05-12 
        43         38         52         49         63         46         45         47         39         45         41 
2001-05-13 2001-05-14 2001-05-15 2001-05-16 2001-05-17 2001-05-18 2001-05-19 2001-05-20 2001-05-21 2001-05-22 2001-05-23 
        47         59         41         46         52         55         52         56         51         58         42 
2001-05-24 2001-05-25 2001-05-26 2001-05-27 2001-05-28 2001-05-29 2001-05-30 2001-05-31 2001-06-01 2001-06-02 2001-06-03 
        51         45         47         56         50         44         45         53         64         60         44 
2001-06-04 2001-06-05 2001-06-06 2001-06-07 2001-06-08 2001-06-09 2001-06-10 2001-06-11 2001-06-12 2001-06-13 2001-06-14 
        58         53         45         55         63         39         58         68         43         64         57 
2001-06-15 2001-06-16 2001-06-17 2001-06-18 2001-06-19 2001-06-20 2001-06-21 2001-06-22 2001-06-23 2001-06-24 2001-06-25 
        63         49         70         65         49         51         45         69         75         64         52 
2001-06-26 2001-06-27 2001-06-28 2001-06-29 2001-06-30 2001-07-01 2001-07-02 2001-07-03 2001-07-04 2001-07-05 2001-07-06 
        46         51         54         53         38         71         62         46         56         49         63 
2001-07-07 2001-07-08 2001-07-09 2001-07-10 2001-07-11 2001-07-12 2001-07-13 2001-07-14 2001-07-15 2001-07-16 2001-07-17 
        63         52         71         58         62         66         66         62         70         80         52 
2001-07-18 2001-07-19 2001-07-20 2001-07-21 2001-07-22 2001-07-23 2001-07-24 2001-07-25 2001-07-26 2001-07-27 2001-07-28 
        76         57         81         57         63         64         65         59         59         55         77 
2001-07-29 2001-07-30 2001-07-31 2001-08-01 2001-08-02 2001-08-03 2001-08-04 2001-08-05 2001-08-06 2001-08-07 2001-08-08 
        71         66         53         66         70         63         62         63         64         60         52 
2001-08-09 2001-08-10 2001-08-11 2001-08-12 2001-08-13 2001-08-14 2001-08-15 2001-08-16 2001-08-17 2001-08-18 2001-08-19 
        55         62         55         64         49         44         70         54         60         49         57 
2001-08-20 2001-08-21 2001-08-22 2001-08-23 2001-08-24 2001-08-25 2001-08-26 2001-08-27 2001-08-28 2001-08-29 2001-08-30 
        48         59         59         57         55         55         58         55         53         59         62 
2001-08-31 2001-09-01 2001-09-02 2001-09-03 2001-09-04 2001-09-05 2001-09-06 2001-09-07 2001-09-08 2001-09-09 2001-09-10 
        56         62         66         51         59         59         67         62         65         79         54 
2001-09-11 2001-09-12 2001-09-13 2001-09-14 2001-09-15 2001-09-16 2001-09-17 2001-09-18 2001-09-19 2001-09-20 2001-09-21 
        50         54         59         60         66         69         76         57         67         72         71 
2001-09-22 2001-09-23 2001-09-24 2001-09-25 2001-09-26 2001-09-27 2001-09-28 2001-09-29 2001-09-30 2001-10-01 2001-10-02 
        79         76         75         60         58         77         76         79         67         62         55 
2001-10-03 2001-10-04 2001-10-05 2001-10-06 2001-10-07 2001-10-08 2001-10-09 2001-10-10 2001-10-11 2001-10-12 2001-10-13 
        75         63         87         70         81         80         72         79         79         91         95 
2001-10-14 2001-10-15 2001-10-16 2001-10-17 2001-10-18 2001-10-19 2001-10-20 2001-10-21 2001-10-22 2001-10-23 2001-10-24 
        79         69         60         85         83         82         71         80         60         70         58 
2001-10-25 2001-10-26 2001-10-27 2001-10-28 2001-10-29 2001-10-30 2001-10-31 2001-11-01 2001-11-02 2001-11-03 2001-11-04 
        67         87         66         73         61         84         67         69         57         70         68 
2001-11-05 2001-11-06 2001-11-07 2001-11-08 2001-11-09 2001-11-10 2001-11-11 2001-11-12 2001-11-13 2001-11-14 2001-11-15 
        67         48         65         55         58         66         67         57         70         63         57 
2001-11-16 2001-11-17 2001-11-18 2001-11-19 2001-11-20 2001-11-21 2001-11-22 2001-11-23 2001-11-24 2001-11-25 2001-11-26 
        69         64         63         51         62         52         47         64         78         67         73 
2001-11-27 2001-11-28 2001-11-29 2001-11-30 2001-12-01 2001-12-02 2001-12-03 2001-12-04 2001-12-05 2001-12-06 2001-12-07 
        65         56         59         62         61         62         54         65         64         46         67 
2001-12-08 2001-12-09 2001-12-10 2001-12-11 2001-12-12 2001-12-13 2001-12-14 2001-12-15 2001-12-16 2001-12-17 2001-12-18 
        49         61         54         60         54         70         63         71         65         48         61 
2001-12-19 2001-12-20 2001-12-21 2001-12-22 2001-12-23 2001-12-24 2001-12-25 2001-12-26 2001-12-27 2001-12-28 2001-12-29 
        59         51         57         66         74         50         33         46         64         50         63 
2001-12-30 2001-12-31 2002-01-01 2002-01-02 2002-01-03 2002-01-04 2002-01-05 2002-01-06 2002-01-07 2002-01-08 2002-01-09 
        57         48         57         59         43         54         44         56         63         50         54 
2002-01-10 2002-01-11 2002-01-12 2002-01-13 2002-01-14 2002-01-15 2002-01-16 2002-01-17 2002-01-18 2002-01-19 2002-01-20 
        42         51         58         61         48         68         49         44         53         57         57 
2002-01-21 2002-01-22 2002-01-23 2002-01-24 2002-01-25 2002-01-26 2002-01-27 2002-01-28 2002-01-29 2002-01-30 2002-01-31 
        44         49         41         53         52         59         52         61         55         49         45 
2002-02-01 2002-02-02 2002-02-03 2002-02-04 2002-02-05 2002-02-06 2002-02-07 2002-02-08 2002-02-09 2002-02-10 2002-02-11 
        55         53         44         48         66         60         49         55         47         50         59 
2002-02-12 2002-02-13 2002-02-14 2002-02-15 2002-02-16 2002-02-17 2002-02-18 2002-02-19 2002-02-20 2002-02-21 2002-02-22 
        47         42         40         62         47         48         51         59         52         38         44 
2002-02-23 2002-02-24 2002-02-25 2002-02-26 2002-02-27 2002-02-28 2002-03-01 2002-03-02 2002-03-03 2002-03-04 2002-03-05 
        63         54         47         52         57         45         62         57         41         51         48 
2002-03-06 2002-03-07 2002-03-08 2002-03-09 2002-03-10 2002-03-11 2002-03-12 2002-03-13 2002-03-14 2002-03-15 2002-03-16 
        56         51         53         47         58         48         60         56         46         64         53 
2002-03-17 2002-03-18 2002-03-19 2002-03-20 2002-03-21 2002-03-22 2002-03-23 2002-03-24 2002-03-25 2002-03-26 2002-03-27 
        61         46         44         36         50         57         43         53         48         43         56 
2002-03-28 2002-03-29 2002-03-30 2002-03-31 2002-04-01 2002-04-02 2002-04-03 2002-04-04 2002-04-05 2002-04-06 2002-04-07 
        56         61         56         48         58         43         50         58         79         52         64 
2002-04-08 2002-04-09 2002-04-10 2002-04-11 2002-04-12 2002-04-13 2002-04-14 2002-04-15 2002-04-16 2002-04-17 2002-04-18 
        56         51         49         42         52         55         50         48         51         51         52 
2002-04-19 2002-04-20 2002-04-21 2002-04-22 2002-04-23 2002-04-24 2002-04-25 2002-04-26 2002-04-27 2002-04-28 2002-04-29 
        50         65         52         44         42         43         48         39         65         49         53 
2002-04-30 2002-05-01 2002-05-02 2002-05-03 2002-05-04 2002-05-05 2002-05-06 2002-05-07 2002-05-08 2002-05-09 2002-05-10 
        45         54         44         38         44         58         47         43         52         55         56 
2002-05-11 2002-05-12 2002-05-13 2002-05-14 2002-05-15 2002-05-16 2002-05-17 2002-05-18 2002-05-19 2002-05-20 2002-05-21 
        53         55         45         56         66         46         54         45         42         44         45 
2002-05-22 2002-05-23 2002-05-24 2002-05-25 2002-05-26 2002-05-27 2002-05-28 2002-05-29 2002-05-30 2002-05-31 2002-06-01 
        39         57         57         56         37         33         52         55         47         36         55 
2002-06-02 2002-06-03 2002-06-04 2002-06-05 2002-06-06 2002-06-07 2002-06-08 2002-06-09 2002-06-10 2002-06-11 2002-06-12 
        55         47         49         46         38         46         37         50         54         47         50 
2002-06-13 2002-06-14 2002-06-15 2002-06-16 2002-06-17 2002-06-18 2002-06-19 2002-06-20 2002-06-21 2002-06-22 2002-06-23 
        43         50         35         41         34         51         59         47         50         37         44 
2002-06-24 2002-06-25 2002-06-26 2002-06-27 2002-06-28 2002-06-29 2002-06-30 2002-07-01 2002-07-02 2002-07-03 2002-07-04 
        37         54         48         55         55         57         59         58         66         57         64 
2002-07-05 2002-07-06 2002-07-07 2002-07-08 2002-07-09 2002-07-10 2002-07-11 2002-07-12 2002-07-13 2002-07-14 2002-07-15 
        67         57         50         58         52         53         44         55         47         56         59 
2002-07-16 2002-07-17 2002-07-18 2002-07-19 2002-07-20 2002-07-21 2002-07-22 2002-07-23 2002-07-24 2002-07-25 2002-07-26 
        53         45         55         48         67         55         58         43         54         69         55 
2002-07-27 2002-07-28 2002-07-29 2002-07-30 2002-07-31 2002-08-01 2002-08-02 2002-08-03 2002-08-04 2002-08-05 2002-08-06 
        64         58         58         56         63         63         65         60         49         52         59 
2002-08-07 2002-08-08 2002-08-09 2002-08-10 2002-08-11 2002-08-12 2002-08-13 2002-08-14 2002-08-15 2002-08-16 2002-08-17 
        65         52         52         72         59         56         54         48         49         60         61 
2002-08-18 2002-08-19 2002-08-20 2002-08-21 2002-08-22 2002-08-23 2002-08-24 2002-08-25 2002-08-26 2002-08-27 2002-08-28 
        44         56         45         48         42         59         66         47         52         36         55 
2002-08-29 2002-08-30 2002-08-31 2002-09-01 2002-09-02 2002-09-03 2002-09-04 2002-09-05 2002-09-06 2002-09-07 2002-09-08 
        64         67         57         58         57         64         39         48         47         50         48 
2002-09-09 2002-09-10 2002-09-11 2002-09-12 2002-09-13 2002-09-14 2002-09-15 2002-09-16 2002-09-17 2002-09-18 2002-09-19 
        46         37         47         46         51         49         66         50         56         58         41 
2002-09-20 2002-09-21 2002-09-22 2002-09-23 2002-09-24 2002-09-25 2002-09-26 2002-09-27 2002-09-28 2002-09-29 2002-09-30 
        65         49         57         51         51         63         59         68         46         49         60 
2002-10-01 2002-10-02 2002-10-03 2002-10-04 2002-10-05 2002-10-06 2002-10-07 2002-10-08 2002-10-09 2002-10-10 2002-10-11 
        48         44         45         64         53         60         52         63         61         50         54 
2002-10-12 2002-10-13 2002-10-14 2002-10-15 2002-10-16 2002-10-17 2002-10-18 2002-10-19 2002-10-20 2002-10-21 2002-10-22 
        56         63         51         48         41         54         63         73         55         57         39 
2002-10-23 2002-10-24 2002-10-25 2002-10-26 2002-10-27 2002-10-28 2002-10-29 2002-10-30 2002-10-31 2002-11-01 2002-11-02 
        59         42         55         72         53         39         73         46         50         61         55 
2002-11-03 2002-11-04 2002-11-05 2002-11-06 2002-11-07 2002-11-08 2002-11-09 2002-11-10 2002-11-11 2002-11-12 2002-11-13 
        63         41         47         51         74         68         60         41         55         55         52 
2002-11-14 2002-11-15 2002-11-16 2002-11-17 2002-11-18 2002-11-19 2002-11-20 2002-11-21 2002-11-22 2002-11-23 2002-11-24 
        52         59         42         40         46         46         50         43         42         65         35 
2002-11-25 2002-11-26 2002-11-27 2002-11-28 2002-11-29 2002-11-30 2002-12-01 2002-12-02 2002-12-03 2002-12-04 2002-12-05 
        44         52         48         37         53         38         58         40         36         51         44 
2002-12-06 2002-12-07 2002-12-08 2002-12-09 2002-12-10 2002-12-11 2002-12-12 2002-12-13 2002-12-14 2002-12-15 2002-12-16 
        49         63         34         33         39         41         41         55         41         53         35 
2002-12-17 2002-12-18 2002-12-19 2002-12-20 2002-12-21 2002-12-22 2002-12-23 2002-12-24 2002-12-25 2002-12-26 2002-12-27 
        41         44         38         39         55         41         43         39         27         39         48 
2002-12-28 2002-12-29 2002-12-30 2002-12-31 2003-01-01 2003-01-02 2003-01-03 2003-01-04 2003-01-05 2003-01-06 2003-01-07 
        43         42         43         58         44         39         52         46         48         43         27 
2003-01-08 2003-01-09 2003-01-10 2003-01-11 2003-01-12 2003-01-13 2003-01-14 2003-01-15 2003-01-16 2003-01-17 2003-01-18 
        35         50         48         51         42         34         42         34         33         53         49 
2003-01-19 2003-01-20 2003-01-21 2003-01-22 2003-01-23 2003-01-24 2003-01-25 2003-01-26 2003-01-27 2003-01-28 2003-01-29 
        41         44         42         44         27         54         42         39         57         27         37 
2003-01-30 2003-01-31 2003-02-01 2003-02-02 2003-02-03 2003-02-04 2003-02-05 2003-02-06 2003-02-07 2003-02-08 2003-02-09 
        49         35         37         47         38         25         55         41         48         46         34 
2003-02-10 2003-02-11 2003-02-12 2003-02-13 2003-02-14 2003-02-15 2003-02-16 2003-02-17 2003-02-18 2003-02-19 2003-02-20 
        37         38         34         52         42         47         40         34         47         43         45 
2003-02-21 2003-02-22 2003-02-23 2003-02-24 2003-02-25 2003-02-26 2003-02-27 2003-02-28 2003-03-01 2003-03-02 2003-03-03 
        36         54         46         41         33         44         40         33         42         39         31 
2003-03-04 2003-03-05 2003-03-06 2003-03-07 2003-03-08 2003-03-09 2003-03-10 2003-03-11 2003-03-12 2003-03-13 2003-03-14 
        45         43         42         46         41         40         41         50         41         45         37 
2003-03-15 2003-03-16 2003-03-17 2003-03-18 2003-03-19 2003-03-20 2003-03-21 2003-03-22 2003-03-23 2003-03-24 2003-03-25 
        51         57         47         48         43         53         44         45         45         43         41 
2003-03-26 2003-03-27 2003-03-28 2003-03-29 2003-03-30 2003-03-31 2003-04-01 2003-04-02 2003-04-03 2003-04-04 2003-04-05 
        42         30         55         31         35         42         52         32         48         52         56 
2003-04-06 2003-04-07 2003-04-08 2003-04-09 2003-04-10 2003-04-11 2003-04-12 2003-04-13 2003-04-14 2003-04-15 2003-04-16 
        46         39         49         50         50         41         57         46         54         51         44 
2003-04-17 2003-04-18 2003-04-19 2003-04-20 2003-04-21 2003-04-22 2003-04-23 2003-04-24 2003-04-25 2003-04-26 2003-04-27 
        41         61         44         47         59         42         48         35         53         49         51 
2003-04-28 2003-04-29 2003-04-30 2003-05-01 2003-05-02 2003-05-03 2003-05-04 2003-05-05 2003-05-06 2003-05-07 2003-05-08 
        53         28         37         54         36         44         51         52         28         43         37 
2003-05-09 2003-05-10 2003-05-11 2003-05-12 2003-05-13 2003-05-14 2003-05-15 2003-05-16 2003-05-17 2003-05-18 2003-05-19 
        47         41         53         47         49         47         45         52         53         44         59 
2003-05-20 2003-05-21 2003-05-22 2003-05-23 2003-05-24 2003-05-25 2003-05-26 2003-05-27 2003-05-28 2003-05-29 2003-05-30 
        43         29         36         65         47         54         37         52         38         40         57 
2003-05-31 2003-06-01 2003-06-02 2003-06-03 2003-06-04 2003-06-05 2003-06-06 2003-06-07 2003-06-08 2003-06-09 2003-06-10 
        49         44         52         49         38         39         64         66         50         42         54 
2003-06-11 2003-06-12 2003-06-13 2003-06-14 2003-06-15 2003-06-16 2003-06-17 2003-06-18 2003-06-19 2003-06-20 2003-06-21 
        36         47         43         49         55         45         41         47         44         49         51 
2003-06-22 2003-06-23 2003-06-24 2003-06-25 2003-06-26 2003-06-27 2003-06-28 2003-06-29 2003-06-30 2003-07-01 2003-07-02 
        46         36         33         46         35         49         55         46         32         40         48 
2003-07-03 2003-07-04 2003-07-05 2003-07-06 2003-07-07 2003-07-08 2003-07-09 2003-07-10 2003-07-11 2003-07-12 2003-07-13 
        52         42         46         36         56         54         53         48         41         41         59 
2003-07-14 2003-07-15 2003-07-16 2003-07-17 2003-07-18 2003-07-19 2003-07-20 2003-07-21 2003-07-22 2003-07-23 2003-07-24 
        48         50         37         50         47         64         49         45         46         49         43 
2003-07-25 2003-07-26 2003-07-27 2003-07-28 2003-07-29 2003-07-30 2003-07-31 2003-08-01 2003-08-02 2003-08-03 2003-08-04 
        43         56         55         43         44         37         36         38         45         49         41 
2003-08-05 2003-08-06 2003-08-07 2003-08-08 2003-08-09 2003-08-10 2003-08-11 2003-08-12 2003-08-13 2003-08-14 2003-08-15 
        34         41         47         50         51         50         51         50         42         42         55 
2003-08-16 2003-08-17 2003-08-18 2003-08-19 2003-08-20 2003-08-21 2003-08-22 2003-08-23 2003-08-24 2003-08-25 2003-08-26 
        52         47         40         47         39         54         51         31         47         53         48 
2003-08-27 2003-08-28 2003-08-29 2003-08-30 2003-08-31 2003-09-01 2003-09-02 2003-09-03 2003-09-04 2003-09-05 2003-09-06 
        58         42         44         56         42         44         41         49         44         39         49 
2003-09-07 2003-09-08 2003-09-09 2003-09-10 2003-09-11 2003-09-12 2003-09-13 2003-09-14 2003-09-15 2003-09-16 2003-09-17 
        57         50         44         39         40         45         52         55         57         41         42 
2003-09-18 2003-09-19 2003-09-20 2003-09-21 2003-09-22 2003-09-23 2003-09-24 2003-09-25 2003-09-26 2003-09-27 2003-09-28 
        53         53         52         54         54         49         56         51         41         47         61 
2003-09-29 2003-09-30 2003-10-01 2003-10-02 2003-10-03 2003-10-04 2003-10-05 2003-10-06 2003-10-07 2003-10-08 2003-10-09 
        52         55         42         47         49         36         51         29         47         35         44 
2003-10-10 2003-10-11 2003-10-12 2003-10-13 2003-10-14 2003-10-15 2003-10-16 2003-10-17 2003-10-18 2003-10-19 2003-10-20 
        59         57         43         45         51         41         30         47         44         43         53 
2003-10-21 2003-10-22 2003-10-23 2003-10-24 2003-10-25 2003-10-26 2003-10-27 2003-10-28 2003-10-29 2003-10-30 2003-10-31 
        50         53         43         52         45         48         50         46         46         36         49 
2003-11-01 2003-11-02 2003-11-03 2003-11-04 2003-11-05 2003-11-06 2003-11-07 2003-11-08 2003-11-09 2003-11-10 2003-11-11 
        46         47         49         46         42         43         47         46         54         72         46 
2003-11-12 2003-11-13 2003-11-14 2003-11-15 2003-11-16 2003-11-17 2003-11-18 2003-11-19 2003-11-20 2003-11-21 2003-11-22 
        43         46         47         53         52         46         44         34         45         54         48 
2003-11-23 2003-11-24 2003-11-25 2003-11-26 2003-11-27 2003-11-28 2003-11-29 2003-11-30 2003-12-01 2003-12-02 2003-12-03 
        48         53         45         53         41         38         43         44         53         50         56 
2003-12-04 2003-12-05 2003-12-06 2003-12-07 2003-12-08 2003-12-09 2003-12-10 2003-12-11 2003-12-12 2003-12-13 2003-12-14 
        59         57         47         48         46         59         40         40         56         47         43 
2003-12-15 2003-12-16 2003-12-17 2003-12-18 2003-12-19 2003-12-20 2003-12-21 2003-12-22 2003-12-23 2003-12-24 2003-12-25 
        55         39         46         39         46         36         54         45         32         38         40 
2003-12-26 2003-12-27 2003-12-28 2003-12-29 2003-12-30 2003-12-31 2004-01-01 2004-01-02 2004-01-03 2004-01-04 2004-01-05 
        44         39         56         36         55         42         41         53         47         38         34 
2004-01-06 2004-01-07 2004-01-08 2004-01-09 2004-01-10 2004-01-11 2004-01-12 2004-01-13 2004-01-14 2004-01-15 2004-01-16 
        32         45         34         48         41         39         38         29         46         48         50 
2004-01-17 2004-01-18 2004-01-19 2004-01-20 2004-01-21 2004-01-22 2004-01-23 2004-01-24 2004-01-25 2004-01-26 2004-01-27 
        47         48         42         36         34         62         44         44         37         37         47 
2004-01-28 2004-01-29 2004-01-30 2004-01-31 2004-02-01 2004-02-02 2004-02-03 2004-02-04 2004-02-05 2004-02-06 2004-02-07 
        43         42         53         44         47         45         30         35         46         57         39 
2004-02-08 2004-02-09 2004-02-10 2004-02-11 2004-02-12 2004-02-13 2004-02-14 2004-02-15 2004-02-16 2004-02-17 2004-02-18 
        42         45         38         57         46         49         39         42         55         41         43 
2004-02-19 2004-02-20 2004-02-21 2004-02-22 2004-02-23 2004-02-24 2004-02-25 2004-02-26 2004-02-27 2004-02-28 2004-02-29 
        47         41         47         46         43         43         38         46         49         44         32 
2004-03-01 2004-03-02 2004-03-03 2004-03-04 2004-03-05 2004-03-06 2004-03-07 2004-03-08 2004-03-09 2004-03-10 2004-03-11 
        46         50         58         42         53         52         48         47         44         52         38 
2004-03-12 2004-03-13 2004-03-14 2004-03-15 2004-03-16 2004-03-17 2004-03-18 2004-03-19 2004-03-20 2004-03-21 2004-03-22 
        49         41         40         58         40         46         38         53         48         56         39 
2004-03-23 2004-03-24 2004-03-25 2004-03-26 2004-03-27 2004-03-28 2004-03-29 2004-03-30 2004-03-31 2004-04-01 2004-04-02 
        51         54         43         43         48         40         49         40         42         44         69 
2004-04-03 2004-04-04 2004-04-05 2004-04-06 2004-04-07 2004-04-08 2004-04-09 2004-04-10 2004-04-11 2004-04-12 2004-04-13 
        47         45         50         43         45         58         47         35         47         56         46 
2004-04-14 2004-04-15 2004-04-16 2004-04-17 2004-04-18 2004-04-19 2004-04-20 2004-04-21 2004-04-22 2004-04-23 2004-04-24 
        48         46         55         56         46         42         43         44         51         62         51 
2004-04-25 2004-04-26 2004-04-27 2004-04-28 2004-04-29 2004-04-30 2004-05-01 2004-05-02 2004-05-03 2004-05-04 2004-05-05 
        39         52         44         49         31         46         53         38         47         39         51 
2004-05-06 2004-05-07 2004-05-08 2004-05-09 2004-05-10 2004-05-11 2004-05-12 2004-05-13 2004-05-14 2004-05-15 2004-05-16 
        49         31         46         46         43         36         48         43         58         56         44 
2004-05-17 2004-05-18 2004-05-19 2004-05-20 2004-05-21 2004-05-22 2004-05-23 2004-05-24 2004-05-25 2004-05-26 2004-05-27 
        56         33         38         45         49         44         48         54         58         57         52 
2004-05-28 2004-05-29 2004-05-30 2004-05-31 2004-06-01 2004-06-02 2004-06-03 2004-06-04 2004-06-05 2004-06-06 2004-06-07 
        42         49         46         42         42         47         29         44         57         49         42 
2004-06-08 2004-06-09 2004-06-10 2004-06-11 2004-06-12 2004-06-13 2004-06-14 2004-06-15 2004-06-16 2004-06-17 2004-06-18 
        51         42         53         53         57         49         40         39         47         51         73 
2004-06-19 2004-06-20 2004-06-21 2004-06-22 2004-06-23 2004-06-24 2004-06-25 2004-06-26 2004-06-27 2004-06-28 2004-06-29 
        57         49         38         41         64         47         49         51         56         31         45 
2004-06-30 2004-07-01 2004-07-02 2004-07-03 2004-07-04 2004-07-05 2004-07-06 2004-07-07 2004-07-08 2004-07-09 2004-07-10 
        55         43         48         46         40         59         45         45         42         54         46 
2004-07-11 2004-07-12 2004-07-13 2004-07-14 2004-07-15 2004-07-16 2004-07-17 2004-07-18 2004-07-19 2004-07-20 2004-07-21 
        53         69         40         51         52         50         42         48         49         49         50 
2004-07-22 2004-07-23 2004-07-24 2004-07-25 2004-07-26 2004-07-27 2004-07-28 2004-07-29 2004-07-30 2004-07-31 2004-08-01 
        47         39         54         44         48         54         46         42         38         49         49 
2004-08-02 2004-08-03 2004-08-04 2004-08-05 2004-08-06 2004-08-07 2004-08-08 2004-08-09 2004-08-10 2004-08-11 2004-08-12 
        40         44         41         58         44         54         51         46         72         36         48 
2004-08-13 2004-08-14 2004-08-15 2004-08-16 2004-08-17 2004-08-18 2004-08-19 2004-08-20 2004-08-21 2004-08-22 2004-08-23 
        43         43         50         40         48         49         50         63         50         44         46 
2004-08-24 2004-08-25 2004-08-26 2004-08-27 2004-08-28 2004-08-29 2004-08-30 2004-08-31 2004-09-01 2004-09-02 2004-09-03 
        50         35         46         38         49         42         42         46         46         51         49 
2004-09-04 2004-09-05 2004-09-06 2004-09-07 2004-09-08 2004-09-09 2004-09-10 2004-09-11 2004-09-12 2004-09-13 2004-09-14 
        45         35         33         57         45         47         50         50         40         46         46 
2004-09-15 2004-09-16 2004-09-17 2004-09-18 2004-09-19 2004-09-20 2004-09-21 2004-09-22 2004-09-23 2004-09-24 2004-09-25 
        35         43         54         42         54         34         49         45         52         47         55 
2004-09-26 2004-09-27 2004-09-28 2004-09-29 2004-09-30 2004-10-01 2004-10-02 2004-10-03 2004-10-04 2004-10-05 2004-10-06 
        52         50         38         32         39         42         56         40         35         35         48 
2004-10-07 2004-10-08 2004-10-09 2004-10-10 2004-10-11 2004-10-12 2004-10-13 2004-10-14 2004-10-15 2004-10-16 2004-10-17 
        42         51         38         46         44         47         42         53         43         48         40 
2004-10-18 2004-10-19 2004-10-20 2004-10-21 2004-10-22 2004-10-23 2004-10-24 2004-10-25 2004-10-26 2004-10-27 2004-10-28 
        56         47         42         38         44         32         58         47         41         46         41 
2004-10-29 2004-10-30 2004-10-31 2004-11-01 2004-11-02 2004-11-03 2004-11-04 2004-11-05 2004-11-06 2004-11-07 2004-11-08 
        50         53         42         44         43         41         41         45         50         48         46 
2004-11-09 2004-11-10 2004-11-11 2004-11-12 2004-11-13 2004-11-14 2004-11-15 2004-11-16 2004-11-17 2004-11-18 2004-11-19 
        37         37         64         54         47         30         42         44         38         37         62 
2004-11-20 2004-11-21 2004-11-22 2004-11-23 2004-11-24 2004-11-25 2004-11-26 2004-11-27 2004-11-28 2004-11-29 2004-11-30 
        52         44         40         57         42         34         62         45         46         47         57 
2004-12-01 2004-12-02 2004-12-03 2004-12-04 2004-12-05 2004-12-06 2004-12-07 2004-12-08 2004-12-09 2004-12-10 2004-12-11 
        57         46         43         58         39         47         52         42         47         60         44 
2004-12-12 2004-12-13 2004-12-14 2004-12-15 2004-12-16 2004-12-17 2004-12-18 2004-12-19 2004-12-20 2004-12-21 2004-12-22 
        45         53         39         38         48         50         55         41         46         42         53 
2004-12-23 2004-12-24 2004-12-25 2004-12-26 2004-12-27 2004-12-28 2004-12-29 2004-12-30 2004-12-31 2005-01-01 2005-01-02 
        53         48         29         34         50         42         51         52         26         45         39 
2005-01-03 2005-01-04 2005-01-05 2005-01-06 2005-01-07 2005-01-08 2005-01-09 2005-01-10 2005-01-11 2005-01-12 2005-01-13 
        39         42         39         34         42         42         33         39         35         47         46 
2005-01-14 2005-01-15 2005-01-16 2005-01-17 2005-01-18 2005-01-19 2005-01-20 2005-01-21 2005-01-22 2005-01-23 2005-01-24 
        42         55         39         51         43         51         30         44         29         33         39 
2005-01-25 2005-01-26 2005-01-27 2005-01-28 2005-01-29 2005-01-30 2005-01-31 2005-02-01 2005-02-02 2005-02-03 2005-02-04 
        48         36         41         45         46         53         45         34         49         42         49 
2005-02-05 2005-02-06 2005-02-07 2005-02-08 2005-02-09 2005-02-10 2005-02-11 2005-02-12 2005-02-13 2005-02-14 2005-02-15 
        52         45         42         45         27         30         48         36         52         35         56 
2005-02-16 2005-02-17 2005-02-18 2005-02-19 2005-02-20 2005-02-21 2005-02-22 2005-02-23 2005-02-24 2005-02-25 2005-02-26 
        39         40         47         42         50         40         43         51         46         39         43 
2005-02-27 2005-02-28 2005-03-01 2005-03-02 2005-03-03 2005-03-04 2005-03-05 2005-03-06 2005-03-07 2005-03-08 2005-03-09 
        30         46         40         43         39         51         43         38         47         55         38 
2005-03-10 2005-03-11 2005-03-12 2005-03-13 2005-03-14 2005-03-15 2005-03-16 2005-03-17 2005-03-18 2005-03-19 2005-03-20 
        45         49         40         43         49         49         46         41         50         49         46 
2005-03-21 2005-03-22 2005-03-23 2005-03-24 2005-03-25 2005-03-26 2005-03-27 2005-03-28 2005-03-29 2005-03-30 2005-03-31 
        35         44         42         51         63         47         35         43         46         55         59 
2005-04-01 2005-04-02 2005-04-03 2005-04-04 2005-04-05 2005-04-06 2005-04-07 2005-04-08 2005-04-09 2005-04-10 2005-04-11 
        43         42         34         44         43         43         26         49         45         54         48 
2005-04-12 2005-04-13 2005-04-14 2005-04-15 2005-04-16 2005-04-17 2005-04-18 2005-04-19 2005-04-20 2005-04-21 2005-04-22 
        39         47         36         49         55         36         39         33         48         48         51 
2005-04-23 2005-04-24 2005-04-25 2005-04-26 2005-04-27 2005-04-28 2005-04-29 2005-04-30 2005-05-01 2005-05-02 2005-05-03 
        48         37         45         40         49         40         45         37         53         50         43 
2005-05-04 2005-05-05 2005-05-06 2005-05-07 2005-05-08 2005-05-09 2005-05-10 2005-05-11 2005-05-12 2005-05-13 2005-05-14 
        34         42         43         51         45         41         59         58         44         39         53 
2005-05-15 2005-05-16 2005-05-17 2005-05-18 2005-05-19 2005-05-20 2005-05-21 2005-05-22 2005-05-23 2005-05-24 2005-05-25 
        39         60         48         38         54         46         41         45         43         30         44 
2005-05-26 2005-05-27 2005-05-28 2005-05-29 2005-05-30 2005-05-31 2005-06-01 2005-06-02 2005-06-03 2005-06-04 2005-06-05 
        47         44         44         39         34         44         46         39         47         55         39 
2005-06-06 2005-06-07 2005-06-08 2005-06-09 2005-06-10 2005-06-11 2005-06-12 2005-06-13 2005-06-14 2005-06-15 2005-06-16 
        41         53         51         36         49         48         38         33         52         56         45 
2005-06-17 2005-06-18 2005-06-19 2005-06-20 2005-06-21 2005-06-22 2005-06-23 2005-06-24 2005-06-25 2005-06-26 2005-06-27 
        38         37         37         41         39         40         44         61         31         44         49 
2005-06-28 2005-06-29 2005-06-30 2005-07-01 2005-07-02 2005-07-03 2005-07-04 2005-07-05 2005-07-06 2005-07-07 2005-07-08 
        48         60         60         31         52         31         27         40         48         32         49 
2005-07-09 2005-07-10 2005-07-11 2005-07-12 2005-07-13 2005-07-14 2005-07-15 2005-07-16 2005-07-17 2005-07-18 2005-07-19 
        44         46         39         36         45         44         41         49         41         37         39 
2005-07-20 2005-07-21 2005-07-22 2005-07-23 2005-07-24 2005-07-25 2005-07-26 2005-07-27 2005-07-28 2005-07-29 2005-07-30 
        52         49         52         42         44         42         42         38         42         46         26 
2005-07-31 2005-08-01 2005-08-02 2005-08-03 2005-08-04 2005-08-05 2005-08-06 2005-08-07 2005-08-08 2005-08-09 2005-08-10 
        37         35         29         35         53         42         50         38         44         45         46 
2005-08-11 2005-08-12 2005-08-13 2005-08-14 2005-08-15 2005-08-16 2005-08-17 2005-08-18 2005-08-19 2005-08-20 2005-08-21 
        66         42         40         50         38         40         52         45         57         39         39 
2005-08-22 2005-08-23 2005-08-24 2005-08-25 2005-08-26 2005-08-27 2005-08-28 2005-08-29 2005-08-30 2005-08-31 2005-09-01 
        43         39         43         48         46         43         46         30         38         45         57 
2005-09-02 2005-09-03 2005-09-04 2005-09-05 2005-09-06 2005-09-07 2005-09-08 2005-09-09 2005-09-10 2005-09-11 2005-09-12 
        36         42         34         26         41         38         41         41         46         57         45 
2005-09-13 2005-09-14 2005-09-15 2005-09-16 2005-09-17 2005-09-18 2005-09-19 2005-09-20 2005-09-21 2005-09-22 2005-09-23 
        44         51         50         45         48         52         40         44         45         50         50 
2005-09-24 2005-09-25 2005-09-26 2005-09-27 2005-09-28 2005-09-29 2005-09-30 2005-10-01 2005-10-02 2005-10-03 2005-10-04 
        43         38         45         40         43         47         46         54         39         48         36 
2005-10-05 2005-10-06 2005-10-07 2005-10-08 2005-10-09 2005-10-10 2005-10-11 2005-10-12 2005-10-13 2005-10-14 2005-10-15 
        48         50         45         63         48         48         43         61         58         45         59 
2005-10-16 2005-10-17 2005-10-18 2005-10-19 2005-10-20 2005-10-21 2005-10-22 2005-10-23 2005-10-24 2005-10-25 2005-10-26 
        43         55         49         57         54         53         45         69         59         59         47 
2005-10-27 2005-10-28 2005-10-29 2005-10-30 2005-10-31 2005-11-01 2005-11-02 2005-11-03 2005-11-04 2005-11-05 2005-11-06 
        44         53         35         49         59         32         43         46         49         53         43 
2005-11-07 2005-11-08 2005-11-09 2005-11-10 2005-11-11 2005-11-12 2005-11-13 2005-11-14 2005-11-15 2005-11-16 2005-11-17 
        48         49         36         58         56         52         40         51         59         52         47 
2005-11-18 2005-11-19 2005-11-20 2005-11-21 2005-11-22 2005-11-23 2005-11-24 2005-11-25 2005-11-26 2005-11-27 2005-11-28 
        52         53         44         49         47         55         37         55         39         55         52 
2005-11-29 2005-11-30 2005-12-01 2005-12-02 2005-12-03 2005-12-04 2005-12-05 2005-12-06 2005-12-07 2005-12-08 2005-12-09 
        40         42         51         59         49         38         52         60         57         42         43 
2005-12-10 2005-12-11 2005-12-12 2005-12-13 2005-12-14 2005-12-15 2005-12-16 2005-12-17 2005-12-18 2005-12-19 2005-12-20 
        42         43         61         56         51         53         56         49         41         51         52 
2005-12-21 2005-12-22 2005-12-23 2005-12-24 2005-12-25 2005-12-26 2005-12-27 2005-12-28 2005-12-29 2005-12-30 2005-12-31 
        64         58         54         35         36         46         70         52         48         45         51 
2006-01-01 2006-01-02 2006-01-03 2006-01-04 2006-01-05 2006-01-06 2006-01-07 2006-01-08 2006-01-09 2006-01-10 2006-01-11 
        51         25         28         49         58         59         34         38         60         53         46 
2006-01-12 2006-01-13 2006-01-14 2006-01-15 2006-01-16 2006-01-17 2006-01-18 2006-01-19 2006-01-20 2006-01-21 2006-01-22 
        65         53         52         55         56         46         44         59         48         51         35 
2006-01-23 2006-01-24 2006-01-25 2006-01-26 2006-01-27 2006-01-28 2006-01-29 2006-01-30 2006-01-31 2006-02-01 2006-02-02 
        62         62         50         59         66         39         36         57         49         54         43 
2006-02-03 2006-02-04 2006-02-05 2006-02-06 2006-02-07 2006-02-08 2006-02-09 2006-02-10 2006-02-11 2006-02-12 2006-02-13 
        48         49         38         43         41         68         53         45         32         35         45 
2006-02-14 2006-02-15 2006-02-16 2006-02-17 2006-02-18 2006-02-19 2006-02-20 2006-02-21 2006-02-22 2006-02-23 2006-02-24 
        48         45         47         40         40         38         41         55         55         50         46 
2006-02-25 2006-02-26 2006-02-27 2006-02-28 2006-03-01 2006-03-02 2006-03-03 2006-03-04 2006-03-05 2006-03-06 2006-03-07 
        49         38         52         47         58         44         49         41         41         49         59 
2006-03-08 2006-03-09 2006-03-10 2006-03-11 2006-03-12 2006-03-13 2006-03-14 2006-03-15 2006-03-16 2006-03-17 2006-03-18 
        19         39         47         37         50         38         35         38         45         54         36 
2006-03-19 2006-03-20 2006-03-21 2006-03-22 2006-03-23 2006-03-24 2006-03-25 2006-03-26 2006-03-27 2006-03-28 2006-03-29 
        33         43         47         55         45         31         39         40         52         46         57 
2006-03-30 2006-03-31 2006-04-01 2006-04-02 2006-04-03 2006-04-04 2006-04-05 2006-04-06 2006-04-07 2006-04-08 2006-04-09 
        35         42         52         32         42         47         43         42         52         45         36 
2006-04-10 2006-04-11 2006-04-12 2006-04-13 2006-04-14 2006-04-15 2006-04-16 2006-04-17 2006-04-18 2006-04-19 2006-04-20 
        39         47         37         33         42         42         30         44         38         46         42 
2006-04-21 2006-04-22 2006-04-23 2006-04-24 2006-04-25 2006-04-26 2006-04-27 2006-04-28 2006-04-29 2006-04-30 2006-05-01 
        44         37         34         49         50         31         44         51         46         43         57 
2006-05-02 2006-05-03 2006-05-04 2006-05-05 2006-05-06 2006-05-07 2006-05-08 2006-05-09 2006-05-10 2006-05-11 2006-05-12 
        42         54         42         51         38         30         47         55         40         55         56 
2006-05-13 2006-05-14 2006-05-15 2006-05-16 2006-05-17 2006-05-18 2006-05-19 2006-05-20 2006-05-21 2006-05-22 2006-05-23 
        52         49         46         41         44         42         55         45         45         47         44 
2006-05-24 2006-05-25 2006-05-26 2006-05-27 2006-05-28 2006-05-29 2006-05-30 2006-05-31 2006-06-01 2006-06-02 2006-06-03 
        40         48         54         44         43         41         61         43         50         58         44 
2006-06-04 2006-06-05 2006-06-06 2006-06-07 2006-06-08 2006-06-09 2006-06-10 2006-06-11 2006-06-12 2006-06-13 2006-06-14 
        46         43         39         48         49         60         45         48         44         46         57 
2006-06-15 2006-06-16 2006-06-17 2006-06-18 2006-06-19 2006-06-20 2006-06-21 2006-06-22 2006-06-23 2006-06-24 2006-06-25 
        51         49         56         44         47         46         49         48         44         43         54 
2006-06-26 2006-06-27 2006-06-28 2006-06-29 2006-06-30 2006-07-01 2006-07-02 2006-07-03 2006-07-04 2006-07-05 2006-07-06 
        54         44         47         42         50         48         48         54         29         37         45 
2006-07-07 2006-07-08 2006-07-09 2006-07-10 2006-07-11 2006-07-12 2006-07-13 2006-07-14 2006-07-15 2006-07-16 2006-07-17 
        52         43         34         40         44         55         43         48         40         35         53 
2006-07-18 2006-07-19 2006-07-20 2006-07-21 2006-07-22 2006-07-23 2006-07-24 2006-07-25 2006-07-26 2006-07-27 2006-07-28 
        63         50         51         50         38         50         40         36         48         40         44 
2006-07-29 2006-07-30 2006-07-31 2006-08-01 2006-08-02 2006-08-03 2006-08-04 2006-08-05 2006-08-06 2006-08-07 2006-08-08 
        47         32         41         42         40         50         45         48         51         47         36 
2006-08-09 2006-08-10 2006-08-11 2006-08-12 2006-08-13 2006-08-14 2006-08-15 2006-08-16 2006-08-17 2006-08-18 2006-08-19 
        45         53         50         52         41         43         39         48         41         50         45 
2006-08-20 2006-08-21 2006-08-22 2006-08-23 2006-08-24 2006-08-25 2006-08-26 2006-08-27 2006-08-28 2006-08-29 2006-08-30 
        48         54         43         43         46         46         50         49         58         42         48 
2006-08-31 2006-09-01 2006-09-02 2006-09-03 2006-09-04 2006-09-05 2006-09-06 2006-09-07 2006-09-08 2006-09-09 2006-09-10 
        40         41         34         39         32         40         28         48         38         48         47 
2006-09-11 2006-09-12 2006-09-13 2006-09-14 2006-09-15 2006-09-16 2006-09-17 2006-09-18 2006-09-19 2006-09-20 2006-09-21 
        40         49         50         40         62         43         44         30         39         41         45 
2006-09-22 2006-09-23 2006-09-24 2006-09-25 2006-09-26 2006-09-27 2006-09-28 2006-09-29 2006-09-30 2006-10-01 2006-10-02 
        47         51         35         40         38         37         33         55         31         47         38 
2006-10-03 2006-10-04 2006-10-05 2006-10-06 2006-10-07 2006-10-08 2006-10-09 2006-10-10 2006-10-11 2006-10-12 2006-10-13 
        39         42         39         55         40         52         33         37         37         39         43 
2006-10-14 2006-10-15 2006-10-16 2006-10-17 2006-10-18 2006-10-19 2006-10-20 2006-10-21 2006-10-22 2006-10-23 2006-10-24 
        37         58         41         46         35         30         50         39         42         32         40 
2006-10-25 2006-10-26 2006-10-27 2006-10-28 2006-10-29 2006-10-30 2006-10-31 2006-11-01 2006-11-02 2006-11-03 2006-11-04 
        34         31         43         52         43         35         37         42         38         46         30 
2006-11-05 2006-11-06 2006-11-07 2006-11-08 2006-11-09 2006-11-10 2006-11-11 2006-11-12 2006-11-13 2006-11-14 2006-11-15 
        28         40         32         45         36         51         39         40         27         28         36 
2006-11-16 2006-11-17 2006-11-18 2006-11-19 2006-11-20 2006-11-21 2006-11-22 2006-11-23 2006-11-24 2006-11-25 2006-11-26 
        53         53         46         48         42         40         43         29         39         53         51 
2006-11-27 2006-11-28 2006-11-29 2006-11-30 2006-12-01 2006-12-02 2006-12-03 2006-12-04 2006-12-05 2006-12-06 2006-12-07 
        31         44         39         31         39         26         38         42         43         57         36 
2006-12-08 2006-12-09 2006-12-10 2006-12-11 2006-12-12 2006-12-13 2006-12-14 2006-12-15 2006-12-16 2006-12-17 2006-12-18 
        43         39         45         30         45         39         44         40         44         37         38 
2006-12-19 2006-12-20 2006-12-21 2006-12-22 2006-12-23 2006-12-24 2006-12-25 2006-12-26 2006-12-27 2006-12-28 2006-12-29 
        33         42         58         44         36         34         43         41         53         42         35 
2006-12-30 2006-12-31 2007-01-01 2007-01-02 2007-01-03 2007-01-04 2007-01-05 2007-01-06 2007-01-07 2007-01-08 2007-01-09 
        24         36         43         38         26         45         54         33         35         44         40 
2007-01-10 2007-01-11 2007-01-12 2007-01-13 2007-01-14 2007-01-15 2007-01-16 2007-01-17 2007-01-18 2007-01-19 2007-01-20 
        44         37         47         45         34         31         37         41         46         45         48 
2007-01-21 2007-01-22 2007-01-23 2007-01-24 2007-01-25 2007-01-26 2007-01-27 2007-01-28 2007-01-29 2007-01-30 2007-01-31 
        38         45         36         37         46         37         41         31         37         41         43 
2007-02-01 2007-02-02 2007-02-03 2007-02-04 2007-02-05 2007-02-06 2007-02-07 2007-02-08 2007-02-09 2007-02-10 2007-02-11 
        51         35         41         33         54         35         26         39         40         43         36 
2007-02-12 2007-02-13 2007-02-14 2007-02-15 2007-02-16 2007-02-17 2007-02-18 2007-02-19 2007-02-20 2007-02-21 2007-02-22 
        46         33         31         33         35         36         30         28         36         35         36 
2007-02-23 2007-02-24 2007-02-25 2007-02-26 2007-02-27 2007-02-28 2007-03-01 2007-03-02 2007-03-03 2007-03-04 2007-03-05 
        33         31         39         32         44         45         49         43         35         36         38 
2007-03-06 2007-03-07 2007-03-08 2007-03-09 2007-03-10 2007-03-11 2007-03-12 2007-03-13 2007-03-14 2007-03-15 2007-03-16 
        33         32         31         38         43         42         31         25         40         41         43 
2007-03-17 2007-03-18 2007-03-19 2007-03-20 2007-03-21 2007-03-22 2007-03-23 2007-03-24 2007-03-25 2007-03-26 2007-03-27 
        37         35         38         51         43         32         37         40         41         43         38 
2007-03-28 2007-03-29 2007-03-30 2007-03-31 2007-04-01 2007-04-02 2007-04-03 2007-04-04 2007-04-05 2007-04-06 2007-04-07 
        40         39         34         33         51         41         44         29         31         38         44 
2007-04-08 2007-04-09 2007-04-10 2007-04-11 2007-04-12 2007-04-13 2007-04-14 2007-04-15 2007-04-16 2007-04-17 2007-04-18 
        38         34         50         29         50         40         41         43         32         46         33 
2007-04-19 2007-04-20 2007-04-21 2007-04-22 2007-04-23 2007-04-24 2007-04-25 2007-04-26 2007-04-27 2007-04-28 2007-04-29 
        33         35         36         33         40         27         35         49         34         29         37 
2007-04-30 2007-05-01 2007-05-02 2007-05-03 2007-05-04 2007-05-05 2007-05-06 2007-05-07 2007-05-08 2007-05-09 2007-05-10 
        36         44         37         41         44         36         33         53         25         33         46 
2007-05-11 2007-05-12 2007-05-13 2007-05-14 2007-05-15 2007-05-16 2007-05-17 2007-05-18 2007-05-19 2007-05-20 2007-05-21 
        38         42         41         35         42         37         42         37         43         44         48 
2007-05-22 2007-05-23 2007-05-24 2007-05-25 2007-05-26 2007-05-27 2007-05-28 2007-05-29 2007-05-30 2007-05-31 2007-06-01 
        29         40         31         44         37         46         33         45         44         42         49 
2007-06-02 2007-06-03 2007-06-04 2007-06-05 2007-06-06 2007-06-07 2007-06-08 2007-06-09 2007-06-10 2007-06-11 2007-06-12 
        38         40         46         39         30         35         39         32         37         41         36 
2007-06-13 2007-06-14 2007-06-15 2007-06-16 2007-06-17 2007-06-18 2007-06-19 2007-06-20 2007-06-21 2007-06-22 2007-06-23 
        35         50         50         38         42         42         42         44         42         51         36 
2007-06-24 2007-06-25 2007-06-26 2007-06-27 2007-06-28 2007-06-29 2007-06-30 2007-07-01 2007-07-02 2007-07-03 2007-07-04 
        37         36         27         37         38         56         48         45         36         28         29 
2007-07-05 2007-07-06 2007-07-07 2007-07-08 2007-07-09 2007-07-10 2007-07-11 2007-07-12 2007-07-13 2007-07-14 2007-07-15 
        44         39         34         38         40         49         41         33         41         44         32 
2007-07-16 2007-07-17 2007-07-18 2007-07-19 2007-07-20 2007-07-21 2007-07-22 2007-07-23 2007-07-24 2007-07-25 2007-07-26 
        35         36         46         45         51         45         37         41         31         30         46 
2007-07-27 2007-07-28 2007-07-29 2007-07-30 2007-07-31 2007-08-01 2007-08-02 2007-08-03 2007-08-04 2007-08-05 2007-08-06 
        42         31         30         32         25         46         45         31         34         40         31 
2007-08-07 2007-08-08 2007-08-09 2007-08-10 2007-08-11 2007-08-12 2007-08-13 2007-08-14 2007-08-15 2007-08-16 2007-08-17 
        44         28         49         45         44         38         49         45         42         30         47 
2007-08-18 2007-08-19 2007-08-20 2007-08-21 2007-08-22 2007-08-23 2007-08-24 2007-08-25 2007-08-26 2007-08-27 2007-08-28 
        38         58         57         32         42         44         47         34         44         39         41 
2007-08-29 2007-08-30 2007-08-31 2007-09-01 2007-09-02 2007-09-03 2007-09-04 2007-09-05 2007-09-06 2007-09-07 2007-09-08 
        44         36         38         45         38         37         35         46         39         36         30 
2007-09-09 2007-09-10 2007-09-11 2007-09-12 2007-09-13 2007-09-14 2007-09-15 2007-09-16 2007-09-17 2007-09-18 2007-09-19 
        38         48         46         34         39         44         37         34         40         26         28 
2007-09-20 2007-09-21 2007-09-22 2007-09-23 2007-09-24 2007-09-25 2007-09-26 2007-09-27 2007-09-28 2007-09-29 2007-09-30 
        31         36         38         27         37         49         47         43         37         41         36 
2007-10-01 2007-10-02 2007-10-03 2007-10-04 2007-10-05 2007-10-06 2007-10-07 2007-10-08 2007-10-09 2007-10-10 2007-10-11 
        36         27         37         35         40         32         36         38         44         42         40 
2007-10-12 2007-10-13 2007-10-14 2007-10-15 2007-10-16 2007-10-17 2007-10-18 2007-10-19 2007-10-20 2007-10-21 2007-10-22 
        51         39         47         51         40         43         35         48         36         43         49 
2007-10-23 2007-10-24 2007-10-25 2007-10-26 2007-10-27 2007-10-28 2007-10-29 2007-10-30 2007-10-31 2007-11-01 2007-11-02 
        45         45         46         38         41         44         51         61         60         60         43 
2007-11-03 2007-11-04 2007-11-05 2007-11-06 2007-11-07 2007-11-08 2007-11-09 2007-11-10 2007-11-11 2007-11-12 2007-11-13 
        37         48         40         31         53         34         39         41         39         41         28 
2007-11-14 2007-11-15 2007-11-16 2007-11-17 2007-11-18 2007-11-19 2007-11-20 2007-11-21 2007-11-22 2007-11-23 2007-11-24 
        25         40         36         38         40         26         31         38         29         40         32 
2007-11-25 2007-11-26 2007-11-27 2007-11-28 2007-11-29 2007-11-30 2007-12-01 2007-12-02 2007-12-03 2007-12-04 2007-12-05 
        33         37         24         37         33         36         44         32         41         39         40 
2007-12-06 2007-12-07 2007-12-08 2007-12-09 2007-12-10 2007-12-11 2007-12-12 2007-12-13 2007-12-14 2007-12-15 2007-12-16 
        46         26         40         32         39         38         52         31         54         49         25 
2007-12-17 2007-12-18 2007-12-19 2007-12-20 2007-12-21 2007-12-22 2007-12-23 2007-12-24 2007-12-25 2007-12-26 2007-12-27 
        35         44         38         46         52         36         30         37         32         33         42 
2007-12-28 2007-12-29 2007-12-30 2007-12-31 2008-01-01 2008-01-02 2008-01-03 2008-01-04 2008-01-05 2008-01-06 2008-01-07 
        45         36         37         35         35         34         41         28         25         36         38 
2008-01-08 2008-01-09 2008-01-10 2008-01-11 2008-01-12 2008-01-13 2008-01-14 2008-01-15 2008-01-16 2008-01-17 2008-01-18 
        35         43         46         36         38         48         30         39         37         32         43 
2008-01-19 2008-01-20 2008-01-21 2008-01-22 2008-01-23 2008-01-24 2008-01-25 2008-01-26 2008-01-27 2008-01-28 2008-01-29 
        46         47         37         22         42         42         41         39         31         35         31 
2008-01-30 2008-01-31 2008-02-01 2008-02-02 2008-02-03 2008-02-04 2008-02-05 2008-02-06 2008-02-07 2008-02-08 2008-02-09 
        37         30         23         23         22         25         24         32         27         27         44 
2008-02-10 2008-02-11 2008-02-12 2008-02-13 2008-02-14 2008-02-15 2008-02-16 2008-02-17 2008-02-18 2008-02-19 2008-02-20 
        37         30         41         35         40         40         33         34         34         51         40 
2008-02-21 2008-02-22 2008-02-23 2008-02-24 2008-02-25 2008-02-26 2008-02-27 2008-02-28 2008-02-29 2008-03-01 2008-03-02 
        34         45         40         38         32         32         32         30         40         45         32 
2008-03-03 2008-03-04 2008-03-05 2008-03-06 2008-03-07 2008-03-08 2008-03-09 2008-03-10 2008-03-11 2008-03-12 2008-03-13 
        44         31         41         45         41         33         30         43         36         40         37 
2008-03-14 2008-03-15 2008-03-16 2008-03-17 2008-03-18 2008-03-19 2008-03-20 2008-03-21 2008-03-22 2008-03-23 2008-03-24 
        48         38         40         46         51         44         37         36         44         40         31 
2008-03-25 2008-03-26 2008-03-27 2008-03-28 2008-03-29 2008-03-30 2008-03-31 2008-04-01 2008-04-02 2008-04-03 2008-04-04 
        47         39         32         47         55         37         41         41         32         50         36 
2008-04-05 2008-04-06 2008-04-07 2008-04-08 2008-04-09 2008-04-10 2008-04-11 2008-04-12 2008-04-13 2008-04-14 2008-04-15 
        42         46         36         26         40         40         41         35         29         31         44 
2008-04-16 2008-04-17 2008-04-18 2008-04-19 2008-04-20 2008-04-21 2008-04-22 2008-04-23 2008-04-24 2008-04-25 2008-04-26 
        40         29         40         46         37         38         44         31         41         44         35 
2008-04-27 2008-04-28 2008-04-29 2008-04-30 2008-05-01 2008-05-02 2008-05-03 2008-05-04 2008-05-05 2008-05-06 2008-05-07 
        31         44         34         34         33         29         30         27         35         32         39 
2008-05-08 2008-05-09 2008-05-10 2008-05-11 2008-05-12 2008-05-13 2008-05-14 2008-05-15 2008-05-16 2008-05-17 2008-05-18 
        30         45         37         40         41         36         53         53         46         32         28 
2008-05-19 2008-05-20 2008-05-21 2008-05-22 2008-05-23 2008-05-24 2008-05-25 2008-05-26 2008-05-27 2008-05-28 2008-05-29 
        45         35         33         34         47         24         37         39         38         39         40 
2008-05-30 2008-05-31 2008-06-01 2008-06-02 2008-06-03 2008-06-04 2008-06-05 2008-06-06 2008-06-07 2008-06-08 2008-06-09 
        36         30         45         51         41         36         34         52         44         32         48 
2008-06-10 2008-06-11 2008-06-12 2008-06-13 2008-06-14 2008-06-15 2008-06-16 2008-06-17 2008-06-18 2008-06-19 2008-06-20 
        45         41         34         33         36         43         42         41         43         33         63 
2008-06-21 2008-06-22 2008-06-23 2008-06-24 2008-06-25 2008-06-26 2008-06-27 2008-06-28 2008-06-29 2008-06-30 2008-07-01 
        56         38         44         29         55         43         44         50         41         44         33 
2008-07-02 2008-07-03 2008-07-04 2008-07-05 2008-07-06 2008-07-07 2008-07-08 2008-07-09 2008-07-10 2008-07-11 2008-07-12 
        51         45         29         38         63         54         47         48         49         42         45 
2008-07-13 2008-07-14 2008-07-15 2008-07-16 2008-07-17 2008-07-18 2008-07-19 2008-07-20 2008-07-21 2008-07-22 2008-07-23 
        47         63         62         50         51         52         39         59         40         54         49 
2008-07-24 2008-07-25 2008-07-26 2008-07-27 2008-07-28 2008-07-29 2008-07-30 2008-07-31 2008-08-01 2008-08-02 2008-08-03 
        46         60         44         46         51         55         55         56         53         34         39 
2008-08-04 2008-08-05 2008-08-06 2008-08-07 2008-08-08 2008-08-09 2008-08-10 2008-08-11 2008-08-12 2008-08-13 2008-08-14 
        51         47         41         57         48         42         37         53         47         61         53 
2008-08-15 2008-08-16 2008-08-17 2008-08-18 2008-08-19 2008-08-20 2008-08-21 2008-08-22 2008-08-23 2008-08-24 2008-08-25 
        56         33         44         45         49         48         54         52         33         48         50 
2008-08-26 2008-08-27 2008-08-28 2008-08-29 2008-08-30 2008-08-31 2008-09-01 2008-09-02 2008-09-03 2008-09-04 2008-09-05 
        51         49         53         59         38         41         47         37         44         39         57 
2008-09-06 2008-09-07 2008-09-08 2008-09-09 2008-09-10 2008-09-11 2008-09-12 2008-09-13 2008-09-14 2008-09-15 2008-09-16 
        45         33         45         35         41         38         56         55         53         39         43 
2008-09-17 2008-09-18 2008-09-19 2008-09-20 2008-09-21 2008-09-22 2008-09-23 2008-09-24 2008-09-25 2008-09-26 2008-09-27 
        41         37         36         32         39         54         39         43         42         55         36 
2008-09-28 2008-09-29 2008-09-30 2008-10-01 2008-10-02 2008-10-03 2008-10-04 2008-10-05 2008-10-06 2008-10-07 2008-10-08 
        32         39         45         36         39         45         40         57         45         41         37 
2008-10-09 2008-10-10 2008-10-11 2008-10-12 2008-10-13 2008-10-14 2008-10-15 2008-10-16 2008-10-17 2008-10-18 2008-10-19 
        33         48         44         50         31         40         43         40         41         28         31 
2008-10-20 2008-10-21 2008-10-22 2008-10-23 2008-10-24 2008-10-25 2008-10-26 2008-10-27 2008-10-28 2008-10-29 2008-10-30 
        27         28         26         32         48         40         32         30         28         32         27 
2008-10-31 2008-11-01 2008-11-02 2008-11-03 2008-11-04 2008-11-05 2008-11-06 2008-11-07 2008-11-08 2008-11-09 2008-11-10 
        30         30         35         31         39         35         35         37         31         26         43 
2008-11-11 2008-11-12 2008-11-13 2008-11-14 2008-11-15 2008-11-16 2008-11-17 2008-11-18 2008-11-19 2008-11-20 2008-11-21 
        27         31         26         26         46         32         46         24         37         40         28 
2008-11-22 2008-11-23 2008-11-24 2008-11-25 2008-11-26 2008-11-27 2008-11-28 2008-11-29 2008-11-30 2008-12-01 2008-12-02 
        28         49         31         31         37         29         30         29         46         33         47 
2008-12-03 2008-12-04 2008-12-05 2008-12-06 2008-12-07 2008-12-08 2008-12-09 2008-12-10 2008-12-11 2008-12-12 2008-12-13 
        31         36         38         30         35         36         41         40         48         42         41 
2008-12-14 2008-12-15 2008-12-16 2008-12-17 2008-12-18 2008-12-19 2008-12-20 2008-12-21 2008-12-22 2008-12-23 2008-12-24 
        37         33         30         35         36         28         37         28         25         32         25 
2008-12-25 2008-12-26 2008-12-27 2008-12-28 2008-12-29 2008-12-30 2008-12-31 2009-01-01 2009-01-02 2009-01-03 2009-01-04 
        21         36         27         36         35         31         44         36         26         35         29 
2009-01-05 2009-01-06 2009-01-07 2009-01-08 2009-01-09 2009-01-10 2009-01-11 2009-01-12 2009-01-13 2009-01-14 2009-01-15 
        42         38         32         26         39         20         29         44         19         28         38 
2009-01-16 2009-01-17 2009-01-18 2009-01-19 2009-01-20 2009-01-21 2009-01-22 2009-01-23 2009-01-24 2009-01-25 2009-01-26 
        52         28         30         39         34         32         36         25         31         24         31 
2009-01-27 2009-01-28 2009-01-29 2009-01-30 2009-01-31 2009-02-01 2009-02-02 2009-02-03 2009-02-04 2009-02-05 2009-02-06 
        36         32         28         39         28         19         29         36         29         28         47 
2009-02-07 2009-02-08 2009-02-09 2009-02-10 2009-02-11 2009-02-12 2009-02-13 2009-02-14 2009-02-15 2009-02-16 2009-02-17 
        37         28         34         27         25         39         32         31         37         22         36 
2009-02-18 2009-02-19 2009-02-20 2009-02-21 2009-02-22 2009-02-23 2009-02-24 2009-02-25 2009-02-26 2009-02-27 2009-02-28 
        37         33         42         40         30         37         25         29         25         43         43 
2009-03-01 2009-03-02 2009-03-03 2009-03-04 2009-03-05 2009-03-06 2009-03-07 2009-03-08 2009-03-09 2009-03-10 2009-03-11 
        37         30         24         23         26         43         31         30         29         30         37 
2009-03-12 2009-03-13 2009-03-14 2009-03-15 2009-03-16 2009-03-17 2009-03-18 2009-03-19 2009-03-20 2009-03-21 2009-03-22 
        37         51         38         29         23         31         23         29         35         39         27 
2009-03-23 2009-03-24 2009-03-25 2009-03-26 2009-03-27 2009-03-28 2009-03-29 2009-03-30 2009-03-31 2009-04-01 2009-04-02 
        25         35         32         31         28         43         21         18         35         34         23 
2009-04-03 2009-04-04 2009-04-05 2009-04-06 2009-04-07 2009-04-08 2009-04-09 2009-04-10 2009-04-11 2009-04-12 2009-04-13 
        35         37         30         32         26         23         27         33         33         31         36 
2009-04-14 2009-04-15 2009-04-16 2009-04-17 2009-04-18 2009-04-19 2009-04-20 2009-04-21 2009-04-22 2009-04-23 2009-04-24 
        20         30         25         26         34         24         28         20         34         31         30 
2009-04-25 2009-04-26 2009-04-27 2009-04-28 2009-04-29 2009-04-30 2009-05-01 2009-05-02 2009-05-03 2009-05-04 2009-05-05 
        35         26         39         34         31         26         26         21         28         30         30 
2009-05-06 2009-05-07 2009-05-08 2009-05-09 2009-05-10 2009-05-11 2009-05-12 2009-05-13 2009-05-14 2009-05-15 2009-05-16 
        30         34         27         27         21         34         32         24         23         29         38 
2009-05-17 2009-05-18 2009-05-19 2009-05-20 2009-05-21 2009-05-22 2009-05-23 2009-05-24 2009-05-25 2009-05-26 2009-05-27 
        24         32         17         28         22         26         23         33         27         26         21 
2009-05-28 2009-05-29 2009-05-30 2009-05-31 2009-06-01 2009-06-02 2009-06-03 2009-06-04 2009-06-05 2009-06-06 2009-06-07 
        35         23         33         37         27         35         24         25         30         30         37 
2009-06-08 2009-06-09 2009-06-10 2009-06-11 2009-06-12 2009-06-13 2009-06-14 2009-06-15 2009-06-16 2009-06-17 2009-06-18 
        36         23         37         31         28         26         18         27         27         37         26 
2009-06-19 2009-06-20 2009-06-21 2009-06-22 2009-06-23 2009-06-24 2009-06-25 2009-06-26 2009-06-27 2009-06-28 2009-06-29 
        31         27         33         30         28         32         34         27         36         24         42 
2009-06-30 2009-07-01 2009-07-02 2009-07-03 2009-07-04 2009-07-05 2009-07-06 2009-07-07 2009-07-08 2009-07-09 2009-07-10 
        28         32         36         38         33         26         20         38         38         28         35 
2009-07-11 2009-07-12 2009-07-13 2009-07-14 2009-07-15 2009-07-16 2009-07-17 2009-07-18 2009-07-19 2009-07-20 2009-07-21 
        28         31         30         34         39         35         41         22         35         33         30 
2009-07-22 2009-07-23 2009-07-24 2009-07-25 2009-07-26 2009-07-27 2009-07-28 2009-07-29 2009-07-30 2009-07-31 2009-08-01 
        29         28         37         21         37         28         33         36         29         34         34 
2009-08-02 2009-08-03 2009-08-04 2009-08-05 2009-08-06 2009-08-07 2009-08-08 2009-08-09 2009-08-10 2009-08-11 2009-08-12 
        27         35         26         25         29         36         33         35         37         31         38 
2009-08-13 2009-08-14 2009-08-15 2009-08-16 2009-08-17 2009-08-18 2009-08-19 2009-08-20 2009-08-21 2009-08-22 2009-08-23 
        35         24         24         29         43         36         48         30         33         28         28 
2009-08-24 2009-08-25 2009-08-26 2009-08-27 2009-08-28 2009-08-29 2009-08-30 2009-08-31 2009-09-01 2009-09-02 2009-09-03 
        27         30         28         22         34         39         30         34         43         25         39 
2009-09-04 2009-09-05 2009-09-06 2009-09-07 2009-09-08 2009-09-09 2009-09-10 2009-09-11 2009-09-12 2009-09-13 2009-09-14 
        32         38         38         39         29         51         30         36         26         30         44 
2009-09-15 2009-09-16 2009-09-17 2009-09-18 2009-09-19 2009-09-20 2009-09-21 2009-09-22 2009-09-23 2009-09-24 2009-09-25 
        26         36         39         26         41         27         22         32         34         44         35 
2009-09-26 2009-09-27 2009-09-28 2009-09-29 2009-09-30 2009-10-01 2009-10-02 2009-10-03 2009-10-04 2009-10-05 2009-10-06 
        29         46         49         34         31         33         37         31         29         35         40 
2009-10-07 2009-10-08 2009-10-09 2009-10-10 2009-10-11 2009-10-12 2009-10-13 2009-10-14 2009-10-15 2009-10-16 2009-10-17 
        38         35         41         36         36         30         50         41         44         34         29 
2009-10-18 2009-10-19 2009-10-20 2009-10-21 2009-10-22 2009-10-23 2009-10-24 2009-10-25 2009-10-26 2009-10-27 2009-10-28 
        42         46         40         35         48         43         34         27         39         34         45 
2009-10-29 2009-10-30 2009-10-31 2009-11-01 2009-11-02 2009-11-03 2009-11-04 2009-11-05 2009-11-06 2009-11-07 2009-11-08 
        38         47         46         50         44         29         39         47         41         34         38 
2009-11-09 2009-11-10 2009-11-11 2009-11-12 2009-11-13 2009-11-14 2009-11-15 2009-11-16 2009-11-17 2009-11-18 2009-11-19 
        38         49         39         39         42         36         34         37         34         38         38 
2009-11-20 2009-11-21 2009-11-22 2009-11-23 2009-11-24 2009-11-25 2009-11-26 2009-11-27 2009-11-28 2009-11-29 2009-11-30 
        42         38         41         44         35         40         24         41         35         24         51 
2009-12-01 2009-12-02 2009-12-03 2009-12-04 2009-12-05 2009-12-06 2009-12-07 2009-12-08 2009-12-09 2009-12-10 2009-12-11 
        44         41         39         48         39         25         41         44         42         53         42 
2009-12-12 2009-12-13 2009-12-14 2009-12-15 2009-12-16 2009-12-17 2009-12-18 2009-12-19 2009-12-20 2009-12-21 2009-12-22 
        35         35         45         36         43         47         40         32         33         42         45 
2009-12-23 2009-12-24 2009-12-25 2009-12-26 2009-12-27 2009-12-28 2009-12-29 2009-12-30 2009-12-31 2010-01-01 2010-01-02 
        55         39         29         44         30         44         38         32         42         33         31 
2010-01-03 2010-01-04 2010-01-05 2010-01-06 2010-01-07 2010-01-08 2010-01-09 2010-01-10 2010-01-11 2010-01-12 2010-01-13 
        30         35         46         35         36         35         32         35         41         55         40 
2010-01-14 2010-01-15 2010-01-16 2010-01-17 2010-01-18 2010-01-19 2010-01-20 2010-01-21 2010-01-22 2010-01-23 2010-01-24 
        51         50         48         53         52         45         39         40         39         35         28 
2010-01-25 2010-01-26 2010-01-27 2010-01-28 2010-01-29 2010-01-30 2010-01-31 2010-02-01 2010-02-02 2010-02-03 2010-02-04 
        49         53         51         47         41         32         41         31         35         39         35 
2010-02-05 2010-02-06 2010-02-07 2010-02-08 2010-02-09 2010-02-10 2010-02-11 2010-02-12 2010-02-13 2010-02-14 2010-02-15 
        32         36         20         37         23         34         33         21         36         27         39 
2010-02-16 2010-02-17 2010-02-18 2010-02-19 2010-02-20 2010-02-21 2010-02-22 2010-02-23 2010-02-24 2010-02-25 2010-02-26 
        34         31         36         29         32         31         30         34         17         30         29 
2010-02-27 2010-02-28 2010-03-01 2010-03-02 2010-03-03 2010-03-04 2010-03-05 2010-03-06 2010-03-07 2010-03-08 2010-03-09 
        33         39         42         42         18         32         38         24         27         38         35 
2010-03-10 2010-03-11 2010-03-12 2010-03-13 2010-03-14 2010-03-15 2010-03-16 2010-03-17 2010-03-18 2010-03-19 2010-03-20 
        36         36         37         32         33         29         37         40         40         38         34 
2010-03-21 2010-03-22 2010-03-23 2010-03-24 2010-03-25 2010-03-26 2010-03-27 2010-03-28 2010-03-29 2010-03-30 2010-03-31 
        31         35         42         45         42         33         43         29         46         52         29 
2010-04-01 2010-04-02 2010-04-03 2010-04-04 2010-04-05 2010-04-06 2010-04-07 2010-04-08 2010-04-09 2010-04-10 2010-04-11 
        40         41         35         36         35         45         43         33         36         32         28 
2010-04-12 2010-04-13 2010-04-14 2010-04-15 2010-04-16 2010-04-17 2010-04-18 2010-04-19 2010-04-20 2010-04-21 2010-04-22 
        33         32         40         39         41         38         30         41         42         37         48 
2010-04-23 2010-04-24 2010-04-25 2010-04-26 2010-04-27 2010-04-28 2010-04-29 2010-04-30 2010-05-01 2010-05-02 2010-05-03 
        52         34         29         45         38         40         38         45         30         34         43 
2010-05-04 2010-05-05 2010-05-06 2010-05-07 2010-05-08 2010-05-09 2010-05-10 2010-05-11 2010-05-12 2010-05-13 2010-05-14 
        39         44         47         46         21         29         60         38         63         51         46 
2010-05-15 2010-05-16 2010-05-17 2010-05-18 2010-05-19 2010-05-20 2010-05-21 2010-05-22 2010-05-23 2010-05-24 2010-05-25 
        49         42         47         45         50         48         58         51         35         48         37 
2010-05-26 2010-05-27 2010-05-28 2010-05-29 2010-05-30 2010-05-31 2010-06-01 2010-06-02 2010-06-03 2010-06-04 2010-06-05 
        49         65         60         42         31         46         61         36         43         40         29 
2010-06-06 2010-06-07 2010-06-08 2010-06-09 2010-06-10 2010-06-11 2010-06-12 2010-06-13 2010-06-14 2010-06-15 2010-06-16 
        37         43         48         28         36         44         31         28         40         50         41 
2010-06-17 2010-06-18 2010-06-19 2010-06-20 2010-06-21 2010-06-22 2010-06-23 2010-06-24 2010-06-25 2010-06-26 2010-06-27 
        35         43         42         40         49         47         46         41         36         30         44 
2010-06-28 2010-06-29 2010-06-30 2010-07-01 2010-07-02 2010-07-03 2010-07-04 2010-07-05 2010-07-06 2010-07-07 2010-07-08 
        40         31         44         36         33         35         37         37         42         50         54 
2010-07-09 2010-07-10 2010-07-11 2010-07-12 2010-07-13 2010-07-14 2010-07-15 2010-07-16 2010-07-17 2010-07-18 2010-07-19 
        36         42         32         43         43         50         30         52         40         32         42 
2010-07-20 2010-07-21 2010-07-22 2010-07-23 2010-07-24 2010-07-25 2010-07-26 2010-07-27 2010-07-28 2010-07-29 2010-07-30 
        43         42         47         34         32         30         32         50         52         39         42 
2010-07-31 2010-08-01 2010-08-02 2010-08-03 2010-08-04 2010-08-05 2010-08-06 2010-08-07 2010-08-08 2010-08-09 2010-08-10 
        52         38         31         34         35         44         57         31         40         32         42 
2010-08-11 2010-08-12 2010-08-13 2010-08-14 2010-08-15 2010-08-16 2010-08-17 2010-08-18 2010-08-19 2010-08-20 2010-08-21 
        49         36         44         44         34         46         36         45         51         56         49 
2010-08-22 2010-08-23 2010-08-24 2010-08-25 2010-08-26 2010-08-27 2010-08-28 2010-08-29 2010-08-30 2010-08-31 2010-09-01 
        38         42         35         54         42         45         23         52         48         48         47 
2010-09-02 2010-09-03 2010-09-04 2010-09-05 2010-09-06 2010-09-07 2010-09-08 2010-09-09 2010-09-10 2010-09-11 2010-09-12 
        37         41         40         28         39         51         45         43         48         36         53 
2010-09-13 2010-09-14 2010-09-15 2010-09-16 2010-09-17 2010-09-18 2010-09-19 2010-09-20 2010-09-21 2010-09-22 2010-09-23 
        46         42         62         47         56         54         73         71         46         48         41 
2010-09-24 2010-09-25 2010-09-26 2010-09-27 2010-09-28 2010-09-29 2010-09-30 2010-10-01 2010-10-02 2010-10-03 2010-10-04 
        46         58         48         38         46         39         51         55         32         41         31 
2010-10-05 2010-10-06 2010-10-07 2010-10-08 2010-10-09 2010-10-10 2010-10-11 2010-10-12 2010-10-13 2010-10-14 2010-10-15 
        50         42         61         65         42         33         39         47         41         52         53 
2010-10-16 2010-10-17 2010-10-18 2010-10-19 2010-10-20 2010-10-21 2010-10-22 2010-10-23 2010-10-24 2010-10-25 2010-10-26 
        50         42         50         53         55         41         52         51         34         57         51 
2010-10-27 2010-10-28 2010-10-29 2010-10-30 2010-10-31 2010-11-01 2010-11-02 2010-11-03 2010-11-04 2010-11-05 2010-11-06 
        45         42         62         37         41         54         48         48         50         62         43 
2010-11-07 2010-11-08 2010-11-09 2010-11-10 2010-11-11 2010-11-12 2010-11-13 2010-11-14 2010-11-15 2010-11-16 2010-11-17 
        41         43         44         41         54         51         51         51         54         48         37 
2010-11-18 2010-11-19 2010-11-20 2010-11-21 2010-11-22 2010-11-23 2010-11-24 2010-11-25 2010-11-26 2010-11-27 2010-11-28 
        56         48         52         54         51         42         48         43         56         43         60 
2010-11-29 2010-11-30 2010-12-01 2010-12-02 2010-12-03 2010-12-04 2010-12-05 2010-12-06 2010-12-07 2010-12-08 2010-12-09 
        49         47         43         53         74         59         42         62         52         35         58 
2010-12-10 2010-12-11 2010-12-12 2010-12-13 2010-12-14 2010-12-15 2010-12-16 2010-12-17 2010-12-18 2010-12-19 2010-12-20 
        60         46         42         39         49         72         64         61         51         41         54 
2010-12-21 2010-12-22 2010-12-23 2010-12-24 2010-12-25 2010-12-26 2010-12-27 2010-12-28 2010-12-29 2010-12-30 2010-12-31 
        41         69         50         43         29         34         41         52         56         58         50 
2011-01-01 2011-01-02 2011-01-03 2011-01-04 2011-01-05 2011-01-06 2011-01-07 2011-01-08 2011-01-09 2011-01-10 2011-01-11 
        54         46         60         45         52         56         46         45         30         56         63 
2011-01-12 2011-01-13 2011-01-14 2011-01-15 2011-01-16 2011-01-17 2011-01-18 2011-01-19 2011-01-20 2011-01-21 2011-01-22 
        52         50         56         59         39         47         39         49         51         57         40 
2011-01-23 2011-01-24 2011-01-25 2011-01-26 2011-01-27 2011-01-28 2011-01-29 2011-01-30 2011-01-31 2011-02-01 2011-02-02 
        55         55         64         43         49         52         30         30         38         28         14 
2011-02-03 2011-02-04 2011-02-05 2011-02-06 2011-02-07 2011-02-08 2011-02-09 2011-02-10 2011-02-11 2011-02-12 2011-02-13 
        17         43         27         30         39         41         49         44         40         37         24 
2011-02-14 2011-02-15 2011-02-16 2011-02-17 2011-02-18 2011-02-19 2011-02-20 2011-02-21 2011-02-22 2011-02-23 2011-02-24 
        50         43         44         38         49         21         36         40         35         50         51 
2011-02-25 2011-02-26 2011-02-27 2011-02-28 2011-03-01 2011-03-02 2011-03-03 2011-03-04 2011-03-05 2011-03-06 2011-03-07 
        44         33         31         51         41         40         39         31         35         23         41 
2011-03-08 2011-03-09 2011-03-10 2011-03-11 2011-03-12 2011-03-13 2011-03-14 2011-03-15 2011-03-16 2011-03-17 2011-03-18 
        52         34         40         45         54         36         46         41         41         54         40 
2011-03-19 2011-03-20 2011-03-21 2011-03-22 2011-03-23 2011-03-24 2011-03-25 2011-03-26 2011-03-27 2011-03-28 2011-03-29 
        32         38         72         50         39         41         59         38         45         56         45 
2011-03-30 2011-03-31 2011-04-01 2011-04-02 2011-04-03 2011-04-04 2011-04-05 2011-04-06 2011-04-07 2011-04-08 2011-04-09 
        59         48         57         50         39         44         40         47         46         47         35 
2011-04-10 2011-04-11 2011-04-12 2011-04-13 2011-04-14 2011-04-15 2011-04-16 2011-04-17 2011-04-18 2011-04-19 2011-04-20 
        48         39         56         35         59         45         36         42         49         51         53 
2011-04-21 2011-04-22 2011-04-23 2011-04-24 2011-04-25 2011-04-26 2011-04-27 2011-04-28 2011-04-29 2011-04-30 2011-05-01 
        45         55         52         42         63         46         42         45         26         39         36 
2011-05-02 2011-05-03 2011-05-04 2011-05-05 2011-05-06 2011-05-07 2011-05-08 2011-05-09 2011-05-10 2011-05-11 2011-05-12 
        32         38         52         63         37         35         52         47         50         58         57 
2011-05-13 2011-05-14 2011-05-15 2011-05-16 2011-05-17 2011-05-18 2011-05-19 2011-05-20 2011-05-21 2011-05-22 2011-05-23 
        53         62         36         41         48         63         42         60         28         40         32 
2011-05-24 2011-05-25 2011-05-26 2011-05-27 2011-05-28 2011-05-29 2011-05-30 2011-05-31 2011-06-01 2011-06-02 2011-06-03 
        44         61         64         52         44         41         36         43         38         60         54 
2011-06-04 2011-06-05 2011-06-06 2011-06-07 2011-06-08 2011-06-09 2011-06-10 2011-06-11 2011-06-12 2011-06-13 2011-06-14 
        39         48         40         40         49         47         41         38         46         34         52 
2011-06-15 2011-06-16 2011-06-17 2011-06-18 2011-06-19 2011-06-20 2011-06-21 2011-06-22 2011-06-23 2011-06-24 2011-06-25 
        52         53         63         45         56         53         58         54         45         56         55 
2011-06-26 2011-06-27 2011-06-28 2011-06-29 2011-06-30 2011-07-01 2011-07-02 2011-07-03 2011-07-04 2011-07-05 2011-07-06 
        56         38         41         45         47         50         50         33         28         53         60 
2011-07-07 2011-07-08 2011-07-09 2011-07-10 2011-07-11 2011-07-12 2011-07-13 2011-07-14 2011-07-15 2011-07-16 2011-07-17 
        49         44         47         33         52         34         44         43         58         35         39 
2011-07-18 2011-07-19 2011-07-20 2011-07-21 2011-07-22 2011-07-23 2011-07-24 2011-07-25 2011-07-26 2011-07-27 2011-07-28 
        64         48         41         44         59         44         34         42         42         44         51 
2011-07-29 2011-07-30 2011-07-31 2011-08-01 2011-08-02 2011-08-03 2011-08-04 2011-08-05 2011-08-06 2011-08-07 2011-08-08 
        35         48         36         39         48         48         42         48         46         35         34 
2011-08-09 2011-08-10 2011-08-11 2011-08-12 2011-08-13 2011-08-14 2011-08-15 2011-08-16 2011-08-17 2011-08-18 2011-08-19 
        41         31         39         43         29         25         42         31         27         39         48 
2011-08-20 2011-08-21 2011-08-22 2011-08-23 2011-08-24 2011-08-25 2011-08-26 2011-08-27 2011-08-28 2011-08-29 2011-08-30 
        31         48         41         43         48         43         40         40         45         30         34 
2011-08-31 2011-09-01 2011-09-02 2011-09-03 2011-09-04 2011-09-05 2011-09-06 2011-09-07 2011-09-08 2011-09-09 2011-09-10 
        49         49         39         39         26         30         34         58         40         41         49 
2011-09-11 2011-09-12 2011-09-13 2011-09-14 2011-09-15 2011-09-16 2011-09-17 2011-09-18 2011-09-19 2011-09-20 2011-09-21 
        38         33         38         43         36         40         32         33         34         20         33 
2011-09-22 2011-09-23 2011-09-24 2011-09-25 2011-09-26 2011-09-27 2011-09-28 2011-09-29 2011-09-30 2011-10-01 2011-10-02 
        41         47         39         31         37         41         43         41         38         40         29 
2011-10-03 2011-10-04 2011-10-05 2011-10-06 2011-10-07 2011-10-08 2011-10-09 2011-10-10 2011-10-11 2011-10-12 2011-10-13 
        47         35         49         39         57         33         32         32         39         34         28 
2011-10-14 2011-10-15 2011-10-16 2011-10-17 2011-10-18 2011-10-19 2011-10-20 2011-10-21 2011-10-22 2011-10-23 2011-10-24 
        45         31         39         32         44         46         36         40         40         35         43 
2011-10-25 2011-10-26 2011-10-27 2011-10-28 2011-10-29 2011-10-30 2011-10-31 2011-11-01 2011-11-02 2011-11-03 2011-11-04 
        40         39         44         45         30         32         39         44         42         50         40 
2011-11-05 2011-11-06 2011-11-07 2011-11-08 2011-11-09 2011-11-10 2011-11-11 2011-11-12 2011-11-13 2011-11-14 2011-11-15 
        47         40         33         48         39         48         49         47         27         51         43 
2011-11-16 2011-11-17 2011-11-18 2011-11-19 2011-11-20 2011-11-21 2011-11-22 2011-11-23 2011-11-24 2011-11-25 2011-11-26 
        38         40         44         34         42         49         48         48         22         40         43 
2011-11-27 2011-11-28 2011-11-29 2011-11-30 2011-12-01 2011-12-02 2011-12-03 2011-12-04 2011-12-05 2011-12-06 2011-12-07 
        32         46         46         49         40         38         40         31         30         43         31 
2011-12-08 2011-12-09 2011-12-10 2011-12-11 2011-12-12 2011-12-13 2011-12-14 2011-12-15 2011-12-16 2011-12-17 2011-12-18 
        39         39         50         33         27         54         50         31         49         40         34 
2011-12-19 2011-12-20 2011-12-21 2011-12-22 2011-12-23 2011-12-24 2011-12-25 2011-12-26 2011-12-27 2011-12-28 2011-12-29 
        50         46         47         44         40         35         26         28         43         48         44 
2011-12-30 2011-12-31 2012-01-01 2012-01-02 2012-01-03 2012-01-04 2012-01-05 2012-01-06 2012-01-07 2012-01-08 2012-01-09 
        52         43         42         36         46         50         51         51         34         33         45 
2012-01-10 2012-01-11 2012-01-12 2012-01-13 2012-01-14 2012-01-15 2012-01-16 2012-01-17 2012-01-18 2012-01-19 2012-01-20 
        48         39         50         44         40         31         44         36         39         35         27 
2012-01-21 2012-01-22 2012-01-23 2012-01-24 2012-01-25 2012-01-26 2012-01-27 2012-01-28 2012-01-29 2012-01-30 2012-01-31 
        31         30         38         50         44         40         47         41         29         38         44 
2012-02-01 2012-02-02 2012-02-03 2012-02-04 2012-02-05 2012-02-06 2012-02-07 2012-02-08 2012-02-09 2012-02-10 2012-02-11 
        44         32         38         24         43         35         33         34         35         30         32 
2012-02-12 2012-02-13 2012-02-14 2012-02-15 2012-02-16 2012-02-17 2012-02-18 2012-02-19 2012-02-20 2012-02-21 2012-02-22 
        43         47         30         35         39         37         25         34         28         41         38 
2012-02-23 2012-02-24 2012-02-25 2012-02-26 2012-02-27 2012-02-28 2012-02-29 2012-03-01 2012-03-02 2012-03-03 2012-03-04 
        39         31         31         25         41         35         40         35         44         28         30 
2012-03-05 2012-03-06 2012-03-07 2012-03-08 2012-03-09 2012-03-10 2012-03-11 2012-03-12 2012-03-13 2012-03-14 2012-03-15 
        30         34         35         43         50         30         38         41         35         33         53 
2012-03-16 2012-03-17 2012-03-18 2012-03-19 2012-03-20 2012-03-21 2012-03-22 2012-03-23 2012-03-24 2012-03-25 2012-03-26 
        37         35         32         38         49         42         42         48         31         33         36 
2012-03-27 2012-03-28 2012-03-29 2012-03-30 2012-03-31 2012-04-01 2012-04-02 2012-04-03 2012-04-04 2012-04-05 2012-04-06 
        39         41         39         54         32         19         54         40         40         41         36 
2012-04-07 2012-04-08 2012-04-09 2012-04-10 2012-04-11 2012-04-12 2012-04-13 2012-04-14 2012-04-15 2012-04-16 2012-04-17 
        38         39         45         39         34         28         43         42         37         44         42 
2012-04-18 2012-04-19 2012-04-20 2012-04-21 2012-04-22 2012-04-23 2012-04-24 2012-04-25 2012-04-26 2012-04-27 2012-04-28 
        32         36         38         39         27         54         33         23         38         45         30 
2012-04-29 2012-04-30 2012-05-01 2012-05-02 2012-05-03 2012-05-04 2012-05-05 2012-05-06 2012-05-07 2012-05-08 2012-05-09 
        34         42         26         32         42         47         44         34         49         42         44 
2012-05-10 2012-05-11 2012-05-12 2012-05-13 2012-05-14 2012-05-15 2012-05-16 2012-05-17 2012-05-18 2012-05-19 2012-05-20 
        34         35         27         27         53         40         42         43         36         36         37 
2012-05-21 2012-05-22 2012-05-23 2012-05-24 2012-05-25 2012-05-26 2012-05-27 2012-05-28 2012-05-29 2012-05-30 2012-05-31 
        49         27         45         40         50         40         29         46         43         49         43 
2012-06-01 2012-06-02 2012-06-03 2012-06-04 2012-06-05 2012-06-06 2012-06-07 2012-06-08 2012-06-09 2012-06-10 2012-06-11 
        42         43         41         38         24         50         44         54         42         29         41 
2012-06-12 2012-06-13 2012-06-14 2012-06-15 2012-06-16 2012-06-17 2012-06-18 2012-06-19 2012-06-20 2012-06-21 2012-06-22 
        48         34         39         51         37         31         41         39         40         36         41 
2012-06-23 2012-06-24 2012-06-25 2012-06-26 2012-06-27 2012-06-28 2012-06-29 2012-06-30 2012-07-01 2012-07-02 2012-07-03 
        48         37         49         49         49         36         55         30         37         44         39 
2012-07-04 2012-07-05 2012-07-06 2012-07-07 2012-07-08 2012-07-09 2012-07-10 2012-07-11 2012-07-12 2012-07-13 2012-07-14 
        32         32         40         35         40         42         37         35         40         50         30 
2012-07-15 2012-07-16 2012-07-17 2012-07-18 2012-07-19 2012-07-20 2012-07-21 2012-07-22 2012-07-23 2012-07-24 2012-07-25 
        43         27         32         37         39         39         35         28         36         47         34 
2012-07-26 2012-07-27 2012-07-28 2012-07-29 2012-07-30 2012-07-31 2012-08-01 2012-08-02 2012-08-03 2012-08-04 2012-08-05 
        46         41         25         31         41         52         43         40         47         32         33 
2012-08-06 2012-08-07 2012-08-08 2012-08-09 2012-08-10 2012-08-11 2012-08-12 2012-08-13 2012-08-14 2012-08-15 2012-08-16 
        25         34         31         48         35         30         43         33         38         54         36 
2012-08-17 2012-08-18 2012-08-19 2012-08-20 2012-08-21 2012-08-22 2012-08-23 2012-08-24 2012-08-25 2012-08-26 2012-08-27 
        38         35         30         36         35         33         35         40         33         31         35 
2012-08-28 2012-08-29 2012-08-30 2012-08-31 2012-09-01 2012-09-02 2012-09-03 2012-09-04 2012-09-05 2012-09-06 2012-09-07 
        31         33         35         44         32         27         46         31         35         28         42 
2012-09-08 2012-09-09 2012-09-10 2012-09-11 2012-09-12 2012-09-13 2012-09-14 2012-09-15 2012-09-16 2012-09-17 2012-09-18 
        49         37         45         29         39         44         43         31         44         35         21 
2012-09-19 2012-09-20 2012-09-21 2012-09-22 2012-09-23 2012-09-24 2012-09-25 2012-09-26 2012-09-27 2012-09-28 2012-09-29 
        38         37         48         46         29         26         35         41         25         36         38 
2012-09-30 2012-10-01 2012-10-02 2012-10-03 2012-10-04 2012-10-05 2012-10-06 2012-10-07 2012-10-08 2012-10-09 2012-10-10 
        25         35         28         28         36         46         34         30         28         39         38 
2012-10-11 2012-10-12 2012-10-13 2012-10-14 2012-10-15 2012-10-16 2012-10-17 2012-10-18 2012-10-19 2012-10-20 2012-10-21 
        33         52         25         38         39         43         43         48         34         37         43 
2012-10-22 2012-10-23 2012-10-24 2012-10-25 2012-10-26 2012-10-27 2012-10-28 2012-10-29 2012-10-30 2012-10-31 2012-11-01 
        37         35         52         43         39         44         36         44         32         41         37 
2012-11-02 2012-11-03 2012-11-04 2012-11-05 2012-11-06 2012-11-07 2012-11-08 2012-11-09 2012-11-10 2012-11-11 2012-11-12 
        40         47         41         42         40         31         34         49         35         37         39 
2012-11-13 2012-11-14 2012-11-15 2012-11-16 2012-11-17 2012-11-18 2012-11-19 2012-11-20 2012-11-21 2012-11-22 2012-11-23 
        47         33         47         37         42         40         42         50         30         31         38 
2012-11-24 2012-11-25 2012-11-26 2012-11-27 2012-11-28 2012-11-29 2012-11-30 2012-12-01 2012-12-02 2012-12-03 2012-12-04 
        46         48         48         46         49         48         37         40         49         40         44 
2012-12-05 2012-12-06 2012-12-07 2012-12-08 2012-12-09 2012-12-10 2012-12-11 2012-12-12 2012-12-13 2012-12-14 2012-12-15 
        45         42         45         38         30         35         38         35         43         42         43 
2012-12-16 2012-12-17 2012-12-18 2012-12-19 2012-12-20 2012-12-21 2012-12-22 2012-12-23 2012-12-24 2012-12-25 2012-12-26 
        38         39         44         38         40         64         36         28         23         28         31 
2012-12-27 2012-12-28 2012-12-29 2012-12-30 2012-12-31 
        44         59         40         46         40 
> table(crime$Month)

    April    August  December  February   January      July      June     March       May  November   October September 
    15280     16572     16426     13511     16047     16801     16002     15758     16035     16063     17086     16060 
> table(crime$Weekday)

   Friday    Monday  Saturday    Sunday  Thursday   Tuesday Wednesday 
    29284     27397     27118     26316     27319     26791     27416 
> table(crime$Month, crime$Arrest=TRUE)
Error: unexpected '=' in "table(crime$Month, crime$Arrest="
> table(crime$Month, crime$Arrest==TRUE)
           
            FALSE  TRUE
  April     14028  1252
  August    15243  1329
  December  15029  1397
  February  12273  1238
  January   14612  1435
  July      15477  1324
  June      14772  1230
  March     14460  1298
  May       14848  1187
  November  14807  1256
  October   15744  1342
  September 14812  1248
> table(crime$Month, crime$Arrest)
           
            FALSE  TRUE
  April     14028  1252
  August    15243  1329
  December  15029  1397
  February  12273  1238
  January   14612  1435
  July      15477  1324
  June      14772  1230
  March     14460  1298
  May       14848  1187
  November  14807  1256
  October   15744  1342
  September 14812  1248
> 